Archive member included because of file (symbol)

d:/imt/avr/imt tools/sdk/imt_sdk_win_64/winavr/bin/../lib/gcc/avr/4.3.3/avr5\libgcc.a(_mulsi3.o)
                              ./main.o (__mulsi3)
d:/imt/avr/imt tools/sdk/imt_sdk_win_64/winavr/bin/../lib/gcc/avr/4.3.3/avr5\libgcc.a(_udivmodsi4.o)
                              ./HAL/HCLCD/HCLCD_Program.o (__udivmodsi4)
d:/imt/avr/imt tools/sdk/imt_sdk_win_64/winavr/bin/../lib/gcc/avr/4.3.3/avr5\libgcc.a(_exit.o)
                              d:/imt/avr/imt tools/sdk/imt_sdk_win_64/winavr/bin/../lib/gcc/avr/4.3.3/../../../../avr/lib/avr5/crtm32.o (exit)
d:/imt/avr/imt tools/sdk/imt_sdk_win_64/winavr/bin/../lib/gcc/avr/4.3.3/avr5\libgcc.a(_copy_data.o)
                              ./FreeRTOS/tasks.o (__do_copy_data)
d:/imt/avr/imt tools/sdk/imt_sdk_win_64/winavr/bin/../lib/gcc/avr/4.3.3/avr5\libgcc.a(_clear_bss.o)
                              ./MCAL/TIMER/TIMER_Program.o (__do_clear_bss)
d:/imt/avr/imt tools/sdk/imt_sdk_win_64/winavr/bin/../lib/gcc/avr/4.3.3/avr5\libgcc.a(_fixunssfsi.o)
                              ./HAL/HEEPROM/HEEPROM_Program.o (__fixunssfsi)
d:/imt/avr/imt tools/sdk/imt_sdk_win_64/winavr/bin/../lib/gcc/avr/4.3.3/avr5\libgcc.a(_addsub_sf.o)
                              d:/imt/avr/imt tools/sdk/imt_sdk_win_64/winavr/bin/../lib/gcc/avr/4.3.3/avr5\libgcc.a(_fixunssfsi.o) (__subsf3)
d:/imt/avr/imt tools/sdk/imt_sdk_win_64/winavr/bin/../lib/gcc/avr/4.3.3/avr5\libgcc.a(_mul_sf.o)
                              ./HAL/HEEPROM/HEEPROM_Program.o (__mulsf3)
d:/imt/avr/imt tools/sdk/imt_sdk_win_64/winavr/bin/../lib/gcc/avr/4.3.3/avr5\libgcc.a(_gt_sf.o)
                              ./HAL/HEEPROM/HEEPROM_Program.o (__gtsf2)
d:/imt/avr/imt tools/sdk/imt_sdk_win_64/winavr/bin/../lib/gcc/avr/4.3.3/avr5\libgcc.a(_ge_sf.o)
                              d:/imt/avr/imt tools/sdk/imt_sdk_win_64/winavr/bin/../lib/gcc/avr/4.3.3/avr5\libgcc.a(_fixunssfsi.o) (__gesf2)
d:/imt/avr/imt tools/sdk/imt_sdk_win_64/winavr/bin/../lib/gcc/avr/4.3.3/avr5\libgcc.a(_lt_sf.o)
                              ./HAL/HEEPROM/HEEPROM_Program.o (__ltsf2)
d:/imt/avr/imt tools/sdk/imt_sdk_win_64/winavr/bin/../lib/gcc/avr/4.3.3/avr5\libgcc.a(_sf_to_si.o)
                              d:/imt/avr/imt tools/sdk/imt_sdk_win_64/winavr/bin/../lib/gcc/avr/4.3.3/avr5\libgcc.a(_fixunssfsi.o) (__fixsfsi)
d:/imt/avr/imt tools/sdk/imt_sdk_win_64/winavr/bin/../lib/gcc/avr/4.3.3/avr5\libgcc.a(_thenan_sf.o)
                              d:/imt/avr/imt tools/sdk/imt_sdk_win_64/winavr/bin/../lib/gcc/avr/4.3.3/avr5\libgcc.a(_addsub_sf.o) (__thenan_sf)
d:/imt/avr/imt tools/sdk/imt_sdk_win_64/winavr/bin/../lib/gcc/avr/4.3.3/avr5\libgcc.a(_prologue.o)
                              d:/imt/avr/imt tools/sdk/imt_sdk_win_64/winavr/bin/../lib/gcc/avr/4.3.3/avr5\libgcc.a(_addsub_sf.o) (__prologue_saves__)
d:/imt/avr/imt tools/sdk/imt_sdk_win_64/winavr/bin/../lib/gcc/avr/4.3.3/avr5\libgcc.a(_epilogue.o)
                              d:/imt/avr/imt tools/sdk/imt_sdk_win_64/winavr/bin/../lib/gcc/avr/4.3.3/avr5\libgcc.a(_addsub_sf.o) (__epilogue_restores__)
d:/imt/avr/imt tools/sdk/imt_sdk_win_64/winavr/bin/../lib/gcc/avr/4.3.3/avr5\libgcc.a(_pack_sf.o)
                              d:/imt/avr/imt tools/sdk/imt_sdk_win_64/winavr/bin/../lib/gcc/avr/4.3.3/avr5\libgcc.a(_addsub_sf.o) (__pack_f)
d:/imt/avr/imt tools/sdk/imt_sdk_win_64/winavr/bin/../lib/gcc/avr/4.3.3/avr5\libgcc.a(_unpack_sf.o)
                              d:/imt/avr/imt tools/sdk/imt_sdk_win_64/winavr/bin/../lib/gcc/avr/4.3.3/avr5\libgcc.a(_addsub_sf.o) (__unpack_f)
d:/imt/avr/imt tools/sdk/imt_sdk_win_64/winavr/bin/../lib/gcc/avr/4.3.3/avr5\libgcc.a(_fpcmp_parts_sf.o)
                              d:/imt/avr/imt tools/sdk/imt_sdk_win_64/winavr/bin/../lib/gcc/avr/4.3.3/avr5\libgcc.a(_gt_sf.o) (__fpcmp_parts_f)
d:/imt/avr/imt tools/sdk/imt_sdk_win_64/winavr/bin/../lib/gcc/avr/4.3.3/../../../../avr/lib/avr5\libc.a(memcpy.o)
                              ./FreeRTOS/queue.o (memcpy)
d:/imt/avr/imt tools/sdk/imt_sdk_win_64/winavr/bin/../lib/gcc/avr/4.3.3/../../../../avr/lib/avr5\libc.a(memset.o)
                              ./FreeRTOS/tasks.o (memset)
d:/imt/avr/imt tools/sdk/imt_sdk_win_64/winavr/bin/../lib/gcc/avr/4.3.3/../../../../avr/lib/avr5\libc.a(strncpy.o)
                              ./FreeRTOS/tasks.o (strncpy)

Allocating common symbols
Common symbol       size              file

TIMER0_CallBack     0x2               ./MCAL/TIMER/TIMER_Program.o
ADCSem              0x2               ./main.o
MADC_CallBack       0x2               ./MCAL/MADC/MADC_Program.o

Memory Configuration

Name             Origin             Length             Attributes
text             0x00000000         0x00020000         xr
data             0x00800060         0x0000ffa0         rw !x
eeprom           0x00810000         0x00010000         rw !x
fuse             0x00820000         0x00000400         rw !x
lock             0x00830000         0x00000400         rw !x
signature        0x00840000         0x00000400         rw !x
*default*        0x00000000         0xffffffff

Linker script and memory map

LOAD d:/imt/avr/imt tools/sdk/imt_sdk_win_64/winavr/bin/../lib/gcc/avr/4.3.3/../../../../avr/lib/avr5/crtm32.o
LOAD ./MCAL/TIMER/TIMER_Program.o
LOAD ./MCAL/MUSART/MUSART_Program.o
LOAD ./MCAL/MTWI/MTWI_Program.o
LOAD ./MCAL/MSPI/MSPI_Program.o
LOAD ./MCAL/MGIE/MGIE_Program.o
LOAD ./MCAL/MDIO/MDIO_Program.o
LOAD ./MCAL/MADC/MADC_Program.o
LOAD ./HAL/HLED/HLED_Program.o
LOAD ./HAL/HEEPROM/HEEPROM_Program.o
LOAD ./HAL/HCLCD/HCLCD_Program.o
LOAD ./FreeRTOS/croutine.o
LOAD ./FreeRTOS/heap_1.o
LOAD ./FreeRTOS/list.o
LOAD ./FreeRTOS/port.o
LOAD ./FreeRTOS/queue.o
LOAD ./FreeRTOS/tasks.o
LOAD ./FreeRTOS/timers.o
LOAD ./main.o
LOAD d:/imt/avr/imt tools/sdk/imt_sdk_win_64/winavr/bin/../lib/gcc/avr/4.3.3/avr5\libgcc.a
LOAD d:/imt/avr/imt tools/sdk/imt_sdk_win_64/winavr/bin/../lib/gcc/avr/4.3.3/../../../../avr/lib/avr5\libc.a
LOAD d:/imt/avr/imt tools/sdk/imt_sdk_win_64/winavr/bin/../lib/gcc/avr/4.3.3/avr5\libgcc.a

.hash
 *(.hash)

.dynsym
 *(.dynsym)

.dynstr
 *(.dynstr)

.gnu.version
 *(.gnu.version)

.gnu.version_d
 *(.gnu.version_d)

.gnu.version_r
 *(.gnu.version_r)

.rel.init
 *(.rel.init)

.rela.init
 *(.rela.init)

.rel.text
 *(.rel.text)
 *(.rel.text.*)
 *(.rel.gnu.linkonce.t*)

.rela.text
 *(.rela.text)
 *(.rela.text.*)
 *(.rela.gnu.linkonce.t*)

.rel.fini
 *(.rel.fini)

.rela.fini
 *(.rela.fini)

.rel.rodata
 *(.rel.rodata)
 *(.rel.rodata.*)
 *(.rel.gnu.linkonce.r*)

.rela.rodata
 *(.rela.rodata)
 *(.rela.rodata.*)
 *(.rela.gnu.linkonce.r*)

.rel.data
 *(.rel.data)
 *(.rel.data.*)
 *(.rel.gnu.linkonce.d*)

.rela.data
 *(.rela.data)
 *(.rela.data.*)
 *(.rela.gnu.linkonce.d*)

.rel.ctors
 *(.rel.ctors)

.rela.ctors
 *(.rela.ctors)

.rel.dtors
 *(.rel.dtors)

.rela.dtors
 *(.rela.dtors)

.rel.got
 *(.rel.got)

.rela.got
 *(.rela.got)

.rel.bss
 *(.rel.bss)

.rela.bss
 *(.rela.bss)

.rel.plt
 *(.rel.plt)

.rela.plt
 *(.rela.plt)

.text           0x00000000     0x5d28
 *(.vectors)
 .vectors       0x00000000       0x54 d:/imt/avr/imt tools/sdk/imt_sdk_win_64/winavr/bin/../lib/gcc/avr/4.3.3/../../../../avr/lib/avr5/crtm32.o
                0x00000000                __vectors
                0x00000000                __vector_default
 *(.vectors)
 *(.progmem.gcc*)
 *(.progmem*)
                0x00000054                . = ALIGN (0x2)
                0x00000054                __trampolines_start = .
 *(.trampolines)
 .trampolines   0x00000054        0x0 linker stubs
 *(.trampolines*)
                0x00000054                __trampolines_end = .
 *(.jumptables)
 *(.jumptables*)
 *(.lowtext)
 *(.lowtext*)
                0x00000054                __ctors_start = .
 *(.ctors)
                0x00000054                __ctors_end = .
                0x00000054                __dtors_start = .
 *(.dtors)
                0x00000054                __dtors_end = .
 SORT(*)(.ctors)
 SORT(*)(.dtors)
 *(.init0)
 .init0         0x00000054        0x0 d:/imt/avr/imt tools/sdk/imt_sdk_win_64/winavr/bin/../lib/gcc/avr/4.3.3/../../../../avr/lib/avr5/crtm32.o
                0x00000054                __init
 *(.init0)
 *(.init1)
 *(.init1)
 *(.init2)
 .init2         0x00000054        0xc d:/imt/avr/imt tools/sdk/imt_sdk_win_64/winavr/bin/../lib/gcc/avr/4.3.3/../../../../avr/lib/avr5/crtm32.o
 *(.init2)
 *(.init3)
 *(.init3)
 *(.init4)
 .init4         0x00000060       0x16 d:/imt/avr/imt tools/sdk/imt_sdk_win_64/winavr/bin/../lib/gcc/avr/4.3.3/avr5\libgcc.a(_copy_data.o)
                0x00000060                __do_copy_data
 .init4         0x00000076       0x10 d:/imt/avr/imt tools/sdk/imt_sdk_win_64/winavr/bin/../lib/gcc/avr/4.3.3/avr5\libgcc.a(_clear_bss.o)
                0x00000076                __do_clear_bss
 *(.init4)
 *(.init5)
 *(.init5)
 *(.init6)
 *(.init6)
 *(.init7)
 *(.init7)
 *(.init8)
 *(.init8)
 *(.init9)
 .init9         0x00000086        0x8 d:/imt/avr/imt tools/sdk/imt_sdk_win_64/winavr/bin/../lib/gcc/avr/4.3.3/../../../../avr/lib/avr5/crtm32.o
 *(.init9)
 *(.text)
 .text          0x0000008e        0x4 d:/imt/avr/imt tools/sdk/imt_sdk_win_64/winavr/bin/../lib/gcc/avr/4.3.3/../../../../avr/lib/avr5/crtm32.o
                0x0000008e                __vector_1
                0x0000008e                __vector_12
                0x0000008e                __bad_interrupt
                0x0000008e                __vector_6
                0x0000008e                __vector_3
                0x0000008e                __vector_13
                0x0000008e                __vector_17
                0x0000008e                __vector_19
                0x0000008e                __vector_5
                0x0000008e                __vector_4
                0x0000008e                __vector_9
                0x0000008e                __vector_2
                0x0000008e                __vector_15
                0x0000008e                __vector_8
                0x0000008e                __vector_14
                0x0000008e                __vector_18
                0x0000008e                __vector_20
 .text          0x00000092        0x0 ./MCAL/TIMER/TIMER_Program.o
 .text          0x00000092        0x0 ./MCAL/MUSART/MUSART_Program.o
 .text          0x00000092        0x0 ./MCAL/MTWI/MTWI_Program.o
 .text          0x00000092        0x0 ./MCAL/MSPI/MSPI_Program.o
 .text          0x00000092        0x0 ./MCAL/MGIE/MGIE_Program.o
 .text          0x00000092        0x0 ./MCAL/MDIO/MDIO_Program.o
 .text          0x00000092        0x0 ./MCAL/MADC/MADC_Program.o
 .text          0x00000092        0x0 ./HAL/HLED/HLED_Program.o
 .text          0x00000092        0x0 ./HAL/HEEPROM/HEEPROM_Program.o
 .text          0x00000092        0x0 ./HAL/HCLCD/HCLCD_Program.o
 .text          0x00000092        0x0 ./FreeRTOS/croutine.o
 .text          0x00000092        0x0 ./FreeRTOS/heap_1.o
 .text          0x00000092        0x0 ./FreeRTOS/list.o
 .text          0x00000092        0x0 ./FreeRTOS/port.o
 .text          0x00000092        0x0 ./FreeRTOS/queue.o
 .text          0x00000092        0x0 ./FreeRTOS/tasks.o
 .text          0x00000092        0x0 ./FreeRTOS/timers.o
 .text          0x00000092        0x0 ./main.o
 .text          0x00000092        0x0 d:/imt/avr/imt tools/sdk/imt_sdk_win_64/winavr/bin/../lib/gcc/avr/4.3.3/avr5\libgcc.a(_mulsi3.o)
 .text          0x00000092        0x0 d:/imt/avr/imt tools/sdk/imt_sdk_win_64/winavr/bin/../lib/gcc/avr/4.3.3/avr5\libgcc.a(_udivmodsi4.o)
 .text          0x00000092        0x0 d:/imt/avr/imt tools/sdk/imt_sdk_win_64/winavr/bin/../lib/gcc/avr/4.3.3/avr5\libgcc.a(_exit.o)
 .text          0x00000092        0x0 d:/imt/avr/imt tools/sdk/imt_sdk_win_64/winavr/bin/../lib/gcc/avr/4.3.3/avr5\libgcc.a(_copy_data.o)
 .text          0x00000092        0x0 d:/imt/avr/imt tools/sdk/imt_sdk_win_64/winavr/bin/../lib/gcc/avr/4.3.3/avr5\libgcc.a(_clear_bss.o)
 .text          0x00000092       0x58 d:/imt/avr/imt tools/sdk/imt_sdk_win_64/winavr/bin/../lib/gcc/avr/4.3.3/avr5\libgcc.a(_fixunssfsi.o)
                0x00000092                __fixunssfsi
 .text          0x000000ea      0x354 d:/imt/avr/imt tools/sdk/imt_sdk_win_64/winavr/bin/../lib/gcc/avr/4.3.3/avr5\libgcc.a(_addsub_sf.o)
                0x00000382                __subsf3
                0x000003e4                __addsf3
 .text          0x0000043e      0x1f4 d:/imt/avr/imt tools/sdk/imt_sdk_win_64/winavr/bin/../lib/gcc/avr/4.3.3/avr5\libgcc.a(_mul_sf.o)
                0x0000043e                __mulsf3
 .text          0x00000632       0x60 d:/imt/avr/imt tools/sdk/imt_sdk_win_64/winavr/bin/../lib/gcc/avr/4.3.3/avr5\libgcc.a(_gt_sf.o)
                0x00000632                __gtsf2
 .text          0x00000692       0x60 d:/imt/avr/imt tools/sdk/imt_sdk_win_64/winavr/bin/../lib/gcc/avr/4.3.3/avr5\libgcc.a(_ge_sf.o)
                0x00000692                __gesf2
 .text          0x000006f2       0x60 d:/imt/avr/imt tools/sdk/imt_sdk_win_64/winavr/bin/../lib/gcc/avr/4.3.3/avr5\libgcc.a(_lt_sf.o)
                0x000006f2                __ltsf2
 .text          0x00000752       0xa8 d:/imt/avr/imt tools/sdk/imt_sdk_win_64/winavr/bin/../lib/gcc/avr/4.3.3/avr5\libgcc.a(_sf_to_si.o)
                0x00000752                __fixsfsi
 .text          0x000007fa        0x0 d:/imt/avr/imt tools/sdk/imt_sdk_win_64/winavr/bin/../lib/gcc/avr/4.3.3/avr5\libgcc.a(_thenan_sf.o)
 .text          0x000007fa        0x0 d:/imt/avr/imt tools/sdk/imt_sdk_win_64/winavr/bin/../lib/gcc/avr/4.3.3/avr5\libgcc.a(_prologue.o)
 .text          0x000007fa        0x0 d:/imt/avr/imt tools/sdk/imt_sdk_win_64/winavr/bin/../lib/gcc/avr/4.3.3/avr5\libgcc.a(_epilogue.o)
 .text          0x000007fa      0x1aa d:/imt/avr/imt tools/sdk/imt_sdk_win_64/winavr/bin/../lib/gcc/avr/4.3.3/avr5\libgcc.a(_pack_sf.o)
                0x000007fa                __pack_f
 .text          0x000009a4       0xf0 d:/imt/avr/imt tools/sdk/imt_sdk_win_64/winavr/bin/../lib/gcc/avr/4.3.3/avr5\libgcc.a(_unpack_sf.o)
                0x000009a4                __unpack_f
 .text          0x00000a94       0xb2 d:/imt/avr/imt tools/sdk/imt_sdk_win_64/winavr/bin/../lib/gcc/avr/4.3.3/avr5\libgcc.a(_fpcmp_parts_sf.o)
                0x00000a94                __fpcmp_parts_f
 .text          0x00000b46        0x0 d:/imt/avr/imt tools/sdk/imt_sdk_win_64/winavr/bin/../lib/gcc/avr/4.3.3/../../../../avr/lib/avr5\libc.a(memcpy.o)
 .text          0x00000b46        0x0 d:/imt/avr/imt tools/sdk/imt_sdk_win_64/winavr/bin/../lib/gcc/avr/4.3.3/../../../../avr/lib/avr5\libc.a(memset.o)
 .text          0x00000b46        0x0 d:/imt/avr/imt tools/sdk/imt_sdk_win_64/winavr/bin/../lib/gcc/avr/4.3.3/../../../../avr/lib/avr5\libc.a(strncpy.o)
                0x00000b46                . = ALIGN (0x2)
 *(.text.*)
 .text.TIMER0_VidInit
                0x00000b46       0x62 ./MCAL/TIMER/TIMER_Program.o
                0x00000b46                TIMER0_VidInit
 .text.TIMER0_VidSetPreload
                0x00000ba8       0x1c ./MCAL/TIMER/TIMER_Program.o
                0x00000ba8                TIMER0_VidSetPreload
 .text.TIMER0_VidSetCTCValue
                0x00000bc4       0x1c ./MCAL/TIMER/TIMER_Program.o
                0x00000bc4                TIMER0_VidSetCTCValue
 .text.TIMER0_VidOVF_SetCallBack
                0x00000be0       0x24 ./MCAL/TIMER/TIMER_Program.o
                0x00000be0                TIMER0_VidOVF_SetCallBack
 .text.TIMER0_VidCTC_SetCallBack
                0x00000c04       0x24 ./MCAL/TIMER/TIMER_Program.o
                0x00000c04                TIMER0_VidCTC_SetCallBack
 .text.__vector_11
                0x00000c28       0x5a ./MCAL/TIMER/TIMER_Program.o
                0x00000c28                __vector_11
 .text.__vector_10
                0x00000c82       0x5a ./MCAL/TIMER/TIMER_Program.o
                0x00000c82                __vector_10
 .text.MUSART_VidInit
                0x00000cdc       0x78 ./MCAL/MUSART/MUSART_Program.o
                0x00000cdc                MUSART_VidInit
 .text.MUSART_VidSendChar
                0x00000d54       0x34 ./MCAL/MUSART/MUSART_Program.o
                0x00000d54                MUSART_VidSendChar
 .text.MUSART_u8ReceiveData
                0x00000d88       0x1e ./MCAL/MUSART/MUSART_Program.o
                0x00000d88                MUSART_u8ReceiveData
 .text.MUSART_VidSendString
                0x00000da6       0x52 ./MCAL/MUSART/MUSART_Program.o
                0x00000da6                MUSART_VidSendString
 .text.MUSART_VidReceiveString
                0x00000df8       0x5c ./MCAL/MUSART/MUSART_Program.o
                0x00000df8                MUSART_VidReceiveString
 .text.MTWI_VidInitMaster
                0x00000e54       0x64 ./MCAL/MTWI/MTWI_Program.o
                0x00000e54                MTWI_VidInitMaster
 .text.MTWI_VidInitSlave
                0x00000eb8       0x3a ./MCAL/MTWI/MTWI_Program.o
                0x00000eb8                MTWI_VidInitSlave
 .text.MTWI_SendStartCondition
                0x00000ef2       0x54 ./MCAL/MTWI/MTWI_Program.o
                0x00000ef2                MTWI_SendStartCondition
 .text.MTWI_SendRepeatedStart
                0x00000f46       0x54 ./MCAL/MTWI/MTWI_Program.o
                0x00000f46                MTWI_SendRepeatedStart
 .text.MTWI_SendSlaveAddresWithWrite
                0x00000f9a       0x70 ./MCAL/MTWI/MTWI_Program.o
                0x00000f9a                MTWI_SendSlaveAddresWithWrite
 .text.MTWI_SendSlaveAddresWithRead
                0x0000100a       0x70 ./MCAL/MTWI/MTWI_Program.o
                0x0000100a                MTWI_SendSlaveAddresWithRead
 .text.MTWI_MasterWriteDataByte
                0x0000107a       0x52 ./MCAL/MTWI/MTWI_Program.o
                0x0000107a                MTWI_MasterWriteDataByte
 .text.MTWI_MasterReadDataByte
                0x000010cc       0x5e ./MCAL/MTWI/MTWI_Program.o
                0x000010cc                MTWI_MasterReadDataByte
 .text.MTWI_SendStopCondition
                0x0000112a       0x2a ./MCAL/MTWI/MTWI_Program.o
                0x0000112a                MTWI_SendStopCondition
 .text.MSPI_VidMaster_Init
                0x00001154       0x8a ./MCAL/MSPI/MSPI_Program.o
                0x00001154                MSPI_VidMaster_Init
 .text.MSPI_VidSlave_Init
                0x000011de       0x62 ./MCAL/MSPI/MSPI_Program.o
                0x000011de                MSPI_VidSlave_Init
 .text.MSPI_u8Send_Receive_Char
                0x00001240       0x2c ./MCAL/MSPI/MSPI_Program.o
                0x00001240                MSPI_u8Send_Receive_Char
 .text.MGIE_VidEnable
                0x0000126c       0x1c ./MCAL/MGIE/MGIE_Program.o
                0x0000126c                MGIE_VidEnable
 .text.MGIE_VidDisable
                0x00001288       0x1c ./MCAL/MGIE/MGIE_Program.o
                0x00001288                MGIE_VidDisable
 .text.MDIO_Error_State_SetPinDirection
                0x000012a4      0x206 ./MCAL/MDIO/MDIO_Program.o
                0x000012a4                MDIO_Error_State_SetPinDirection
 .text.MDIO_Error_State_SetPortDirection
                0x000014aa       0xa0 ./MCAL/MDIO/MDIO_Program.o
                0x000014aa                MDIO_Error_State_SetPortDirection
 .text.MDIO_Error_State_SetPinValue
                0x0000154a      0x206 ./MCAL/MDIO/MDIO_Program.o
                0x0000154a                MDIO_Error_State_SetPinValue
 .text.MDIO_Error_State_SetPortValue
                0x00001750       0x90 ./MCAL/MDIO/MDIO_Program.o
                0x00001750                MDIO_Error_State_SetPortValue
 .text.MDIO_Error_State_GetPinValue
                0x000017e0      0x130 ./MCAL/MDIO/MDIO_Program.o
                0x000017e0                MDIO_Error_State_GetPinValue
 .text.MDIO_Error_State_SetNippleValue
                0x00001910      0x164 ./MCAL/MDIO/MDIO_Program.o
                0x00001910                MDIO_Error_State_SetNippleValue
 .text.MADC_VidInit
                0x00001a74       0x62 ./MCAL/MADC/MADC_Program.o
                0x00001a74                MADC_VidInit
 .text.MADC_VidADCInterruptEnable
                0x00001ad6       0x1c ./MCAL/MADC/MADC_Program.o
                0x00001ad6                MADC_VidADCInterruptEnable
 .text.MADC_u16ADC_StartConversion
                0x00001af2       0x64 ./MCAL/MADC/MADC_Program.o
                0x00001af2                MADC_u16ADC_StartConversion
 .text.MADC_u16ADC_StartConversion_With_Interrupt
                0x00001b56       0x46 ./MCAL/MADC/MADC_Program.o
                0x00001b56                MADC_u16ADC_StartConversion_With_Interrupt
 .text.MADC_u16ADCRead
                0x00001b9c       0x16 ./MCAL/MADC/MADC_Program.o
                0x00001b9c                MADC_u16ADCRead
 .text.MADC_VidSetCallBack
                0x00001bb2       0x24 ./MCAL/MADC/MADC_Program.o
                0x00001bb2                MADC_VidSetCallBack
 .text.__vector_16
                0x00001bd6       0x5a ./MCAL/MADC/MADC_Program.o
                0x00001bd6                __vector_16
 .text.HLED_VidInit
                0x00001c30       0x2c ./HAL/HLED/HLED_Program.o
                0x00001c30                HLED_VidInit
 .text.HLED_VidLed_On
                0x00001c5c       0x2c ./HAL/HLED/HLED_Program.o
                0x00001c5c                HLED_VidLed_On
 .text.HLED_VidLed_Off
                0x00001c88       0x2c ./HAL/HLED/HLED_Program.o
                0x00001c88                HLED_VidLed_Off
 .text.HLED_VidLed_Toggle
                0x00001cb4       0x5a ./HAL/HLED/HLED_Program.o
                0x00001cb4                HLED_VidLed_Toggle
 .text.HEEPROM_VidSendDataByte
                0x00001d0e      0x146 ./HAL/HEEPROM/HEEPROM_Program.o
                0x00001d0e                HEEPROM_VidSendDataByte
 .text.HEEPROM_VidReadDataByte
                0x00001e54       0x66 ./HAL/HEEPROM/HEEPROM_Program.o
                0x00001e54                HEEPROM_VidReadDataByte
 .text.HCLCD_VidWriteCommand_8Bits
                0x00001eba      0x220 ./HAL/HCLCD/HCLCD_Program.o
                0x00001eba                HCLCD_VidWriteCommand_8Bits
 .text.HCLCD_Vid8Bits_Init
                0x000020da      0x3ea ./HAL/HCLCD/HCLCD_Program.o
                0x000020da                HCLCD_Vid8Bits_Init
 .text.HCLCD_VidWriteChar_8Bits
                0x000024c4      0x220 ./HAL/HCLCD/HCLCD_Program.o
                0x000024c4                HCLCD_VidWriteChar_8Bits
 .text.HCLCD_VidWriteString_8Bits
                0x000026e4       0x52 ./HAL/HCLCD/HCLCD_Program.o
                0x000026e4                HCLCD_VidWriteString_8Bits
 .text.HCLCD_VidWriteNumber_8Bits
                0x00002736       0xee ./HAL/HCLCD/HCLCD_Program.o
                0x00002736                HCLCD_VidWriteNumber_8Bits
 .text.HCLCD_VidSetPosition
                0x00002824       0x42 ./HAL/HCLCD/HCLCD_Program.o
                0x00002824                HCLCD_VidSetPosition
 .text.HCLCD_VidWriteCommand_4Bits
                0x00002866      0x140 ./HAL/HCLCD/HCLCD_Program.o
                0x00002866                HCLCD_VidWriteCommand_4Bits
 .text.HCLCD_Vid4Bits_Init
                0x000029a6      0x41c ./HAL/HCLCD/HCLCD_Program.o
                0x000029a6                HCLCD_Vid4Bits_Init
 .text.HCLCD_VidWriteChar_4Bits
                0x00002dc2      0x140 ./HAL/HCLCD/HCLCD_Program.o
                0x00002dc2                HCLCD_VidWriteChar_4Bits
 .text.HCLCD_VidSendChar_4Bits
                0x00002f02       0x24 ./HAL/HCLCD/HCLCD_Program.o
                0x00002f02                HCLCD_VidSendChar_4Bits
 .text.HCLCD_VidWriteString_4Bits
                0x00002f26       0x52 ./HAL/HCLCD/HCLCD_Program.o
                0x00002f26                HCLCD_VidWriteString_4Bits
 .text.HCLCD_VidWriteNumber_4Bits
                0x00002f78       0xee ./HAL/HCLCD/HCLCD_Program.o
                0x00002f78                HCLCD_VidWriteNumber_4Bits
 .text.HCLCD_VidSetPosition_4BitsMode
                0x00003066       0x7e ./HAL/HCLCD/HCLCD_Program.o
                0x00003066                HCLCD_VidSetPosition_4BitsMode
 .text.xCoRoutineCreate
                0x000030e4      0x128 ./FreeRTOS/croutine.o
                0x000030e4                xCoRoutineCreate
 .text.vCoRoutineAddToDelayedList
                0x0000320c       0xc2 ./FreeRTOS/croutine.o
                0x0000320c                vCoRoutineAddToDelayedList
 .text.prvCheckPendingReadyList
                0x000032ce       0x94 ./FreeRTOS/croutine.o
 .text.prvCheckDelayedList
                0x00003362      0x15c ./FreeRTOS/croutine.o
 .text.vCoRoutineSchedule
                0x000034be       0xf4 ./FreeRTOS/croutine.o
                0x000034be                vCoRoutineSchedule
 .text.prvInitialiseCoRoutineLists
                0x000035b2       0x72 ./FreeRTOS/croutine.o
 .text.xCoRoutineRemoveFromEventList
                0x00003624       0x70 ./FreeRTOS/croutine.o
                0x00003624                xCoRoutineRemoveFromEventList
 .text.pvPortMalloc
                0x00003694       0x8c ./FreeRTOS/heap_1.o
                0x00003694                pvPortMalloc
 .text.vPortFree
                0x00003720       0x18 ./FreeRTOS/heap_1.o
                0x00003720                vPortFree
 .text.vPortInitialiseBlocks
                0x00003738       0x16 ./FreeRTOS/heap_1.o
                0x00003738                vPortInitialiseBlocks
 .text.xPortGetFreeHeapSize
                0x0000374e       0x1e ./FreeRTOS/heap_1.o
                0x0000374e                xPortGetFreeHeapSize
 .text.vListInitialise
                0x0000376c       0x54 ./FreeRTOS/list.o
                0x0000376c                vListInitialise
 .text.vListInitialiseItem
                0x000037c0       0x20 ./FreeRTOS/list.o
                0x000037c0                vListInitialiseItem
 .text.vListInsertEnd
                0x000037e0       0x98 ./FreeRTOS/list.o
                0x000037e0                vListInsertEnd
 .text.vListInsert
                0x00003878       0xd8 ./FreeRTOS/list.o
                0x00003878                vListInsert
 .text.vListRemove
                0x00003950       0x92 ./FreeRTOS/list.o
                0x00003950                vListRemove
 .text.pxPortInitialiseStack
                0x000039e2      0x306 ./FreeRTOS/port.o
                0x000039e2                pxPortInitialiseStack
 .text.xPortStartScheduler
                0x00003ce8       0x6a ./FreeRTOS/port.o
                0x00003ce8                xPortStartScheduler
 .text.vPortEndScheduler
                0x00003d52        0xe ./FreeRTOS/port.o
                0x00003d52                vPortEndScheduler
 .text.vPortYield
                0x00003d60       0xb2 ./FreeRTOS/port.o
                0x00003d60                vPortYield
 .text.vPortYieldFromTick
                0x00003e12       0xb6 ./FreeRTOS/port.o
                0x00003e12                vPortYieldFromTick
 .text.prvSetupTimerInterrupt
                0x00003ec8       0xb8 ./FreeRTOS/port.o
 .text.__vector_7
                0x00003f80        0x6 ./FreeRTOS/port.o
                0x00003f80                __vector_7
 .text.xQueueCreate
                0x00003f86      0x152 ./FreeRTOS/queue.o
                0x00003f86                xQueueCreate
 .text.xQueueCreateCountingSemaphore
                0x000040d8       0x3e ./FreeRTOS/queue.o
                0x000040d8                xQueueCreateCountingSemaphore
 .text.xQueueGenericSend
                0x00004116      0x13c ./FreeRTOS/queue.o
                0x00004116                xQueueGenericSend
 .text.xQueueGenericSendFromISR
                0x00004252       0x9a ./FreeRTOS/queue.o
                0x00004252                xQueueGenericSendFromISR
 .text.xQueueGenericReceive
                0x000042ec      0x180 ./FreeRTOS/queue.o
                0x000042ec                xQueueGenericReceive
 .text.xQueueReceiveFromISR
                0x0000446c       0x9e ./FreeRTOS/queue.o
                0x0000446c                xQueueReceiveFromISR
 .text.uxQueueMessagesWaiting
                0x0000450a       0x30 ./FreeRTOS/queue.o
                0x0000450a                uxQueueMessagesWaiting
 .text.uxQueueMessagesWaitingFromISR
                0x0000453a       0x26 ./FreeRTOS/queue.o
                0x0000453a                uxQueueMessagesWaitingFromISR
 .text.vQueueDelete
                0x00004560       0x2c ./FreeRTOS/queue.o
                0x00004560                vQueueDelete
 .text.prvCopyDataToQueue
                0x0000458c      0x12a ./FreeRTOS/queue.o
 .text.prvCopyDataFromQueue
                0x000046b6       0x90 ./FreeRTOS/queue.o
 .text.prvUnlockQueue
                0x00004746       0xa8 ./FreeRTOS/queue.o
 .text.prvIsQueueEmpty
                0x000047ee       0x38 ./FreeRTOS/queue.o
 .text.xQueueIsQueueEmptyFromISR
                0x00004826       0x2e ./FreeRTOS/queue.o
                0x00004826                xQueueIsQueueEmptyFromISR
 .text.prvIsQueueFull
                0x00004854       0x3e ./FreeRTOS/queue.o
 .text.xQueueIsQueueFullFromISR
                0x00004892       0x34 ./FreeRTOS/queue.o
                0x00004892                xQueueIsQueueFullFromISR
 .text.xTaskGenericCreate
                0x000048c6      0x1da ./FreeRTOS/tasks.o
                0x000048c6                xTaskGenericCreate
 .text.vTaskDelete
                0x00004aa0       0xc6 ./FreeRTOS/tasks.o
                0x00004aa0                vTaskDelete
 .text.vTaskDelayUntil
                0x00004b66       0xe8 ./FreeRTOS/tasks.o
                0x00004b66                vTaskDelayUntil
 .text.vTaskDelay
                0x00004c4e       0x6a ./FreeRTOS/tasks.o
                0x00004c4e                vTaskDelay
 .text.vTaskStartScheduler
                0x00004cb8       0x6e ./FreeRTOS/tasks.o
                0x00004cb8                vTaskStartScheduler
 .text.vTaskEndScheduler
                0x00004d26       0x18 ./FreeRTOS/tasks.o
                0x00004d26                vTaskEndScheduler
 .text.vTaskSuspendAll
                0x00004d3e       0x18 ./FreeRTOS/tasks.o
                0x00004d3e                vTaskSuspendAll
 .text.xTaskResumeAll
                0x00004d56      0x114 ./FreeRTOS/tasks.o
                0x00004d56                xTaskResumeAll
 .text.xTaskGetTickCount
                0x00004e6a       0x2e ./FreeRTOS/tasks.o
                0x00004e6a                xTaskGetTickCount
 .text.xTaskGetTickCountFromISR
                0x00004e98       0x2a ./FreeRTOS/tasks.o
                0x00004e98                xTaskGetTickCountFromISR
 .text.uxTaskGetNumberOfTasks
                0x00004ec2       0x12 ./FreeRTOS/tasks.o
                0x00004ec2                uxTaskGetNumberOfTasks
 .text.vTaskIncrementTick
                0x00004ed4      0x1aa ./FreeRTOS/tasks.o
                0x00004ed4                vTaskIncrementTick
 .text.vTaskSwitchContext
                0x0000507e       0xcc ./FreeRTOS/tasks.o
                0x0000507e                vTaskSwitchContext
 .text.vTaskPlaceOnEventList
                0x0000514a       0x6c ./FreeRTOS/tasks.o
                0x0000514a                vTaskPlaceOnEventList
 .text.xTaskRemoveFromEventList
                0x000051b6       0xd0 ./FreeRTOS/tasks.o
                0x000051b6                xTaskRemoveFromEventList
 .text.vTaskSetTimeOutState
                0x00005286       0x32 ./FreeRTOS/tasks.o
                0x00005286                vTaskSetTimeOutState
 .text.xTaskCheckForTimeOut
                0x000052b8       0xba ./FreeRTOS/tasks.o
                0x000052b8                xTaskCheckForTimeOut
 .text.vTaskMissedYield
                0x00005372       0x14 ./FreeRTOS/tasks.o
                0x00005372                vTaskMissedYield
 .text.prvIdleTask
                0x00005386       0x14 ./FreeRTOS/tasks.o
 .text.prvInitialiseTCBVariables
                0x0000539a       0xae ./FreeRTOS/tasks.o
 .text.prvInitialiseTaskLists
                0x00005448       0x7a ./FreeRTOS/tasks.o
 .text.prvCheckTasksWaitingTermination
                0x000054c2       0x7c ./FreeRTOS/tasks.o
 .text.prvAddCurrentTaskToDelayedList
                0x0000553e       0x92 ./FreeRTOS/tasks.o
 .text.prvAllocateTCBAndStack
                0x000055d0       0xa0 ./FreeRTOS/tasks.o
 .text.prvDeleteTCB
                0x00005670       0x2c ./FreeRTOS/tasks.o
 .text.main     0x0000569c      0x216 ./main.o
                0x0000569c                main
 .text.ADC_SetNotification
                0x000058b2       0x24 ./main.o
                0x000058b2                ADC_SetNotification
 .text.APP_ADC_read
                0x000058d6       0x8c ./main.o
                0x000058d6                APP_ADC_read
 .text.APP_LCD_Display
                0x00005962      0x1a2 ./main.o
                0x00005962                APP_LCD_Display
 .text.APP_POT1_CALC
                0x00005b04       0x60 ./main.o
                0x00005b04                APP_POT1_CALC
 .text.APP_LM35_CALC
                0x00005b64       0x92 ./main.o
                0x00005b64                APP_LM35_CALC
 .text.libgcc   0x00005bf6       0x3e d:/imt/avr/imt tools/sdk/imt_sdk_win_64/winavr/bin/../lib/gcc/avr/4.3.3/avr5\libgcc.a(_mulsi3.o)
                0x00005bf6                __mulsi3
 .text.libgcc   0x00005c34       0x44 d:/imt/avr/imt tools/sdk/imt_sdk_win_64/winavr/bin/../lib/gcc/avr/4.3.3/avr5\libgcc.a(_udivmodsi4.o)
                0x00005c34                __udivmodsi4
 .text.libgcc   0x00005c78        0x0 d:/imt/avr/imt tools/sdk/imt_sdk_win_64/winavr/bin/../lib/gcc/avr/4.3.3/avr5\libgcc.a(_exit.o)
 .text.libgcc   0x00005c78        0x0 d:/imt/avr/imt tools/sdk/imt_sdk_win_64/winavr/bin/../lib/gcc/avr/4.3.3/avr5\libgcc.a(_copy_data.o)
 .text.libgcc   0x00005c78        0x0 d:/imt/avr/imt tools/sdk/imt_sdk_win_64/winavr/bin/../lib/gcc/avr/4.3.3/avr5\libgcc.a(_clear_bss.o)
 .text.libgcc   0x00005c78       0x38 d:/imt/avr/imt tools/sdk/imt_sdk_win_64/winavr/bin/../lib/gcc/avr/4.3.3/avr5\libgcc.a(_prologue.o)
                0x00005c78                __prologue_saves__
 .text.libgcc   0x00005cb0       0x36 d:/imt/avr/imt tools/sdk/imt_sdk_win_64/winavr/bin/../lib/gcc/avr/4.3.3/avr5\libgcc.a(_epilogue.o)
                0x00005cb0                __epilogue_restores__
 .text.avr-libc
                0x00005ce6       0x12 d:/imt/avr/imt tools/sdk/imt_sdk_win_64/winavr/bin/../lib/gcc/avr/4.3.3/../../../../avr/lib/avr5\libc.a(memcpy.o)
                0x00005ce6                memcpy
 .text.avr-libc
                0x00005cf8        0xe d:/imt/avr/imt tools/sdk/imt_sdk_win_64/winavr/bin/../lib/gcc/avr/4.3.3/../../../../avr/lib/avr5\libc.a(memset.o)
                0x00005cf8                memset
 .text.avr-libc
                0x00005d06       0x1e d:/imt/avr/imt tools/sdk/imt_sdk_win_64/winavr/bin/../lib/gcc/avr/4.3.3/../../../../avr/lib/avr5\libc.a(strncpy.o)
                0x00005d06                strncpy
                0x00005d24                . = ALIGN (0x2)
 *(.fini9)
 .fini9         0x00005d24        0x0 d:/imt/avr/imt tools/sdk/imt_sdk_win_64/winavr/bin/../lib/gcc/avr/4.3.3/avr5\libgcc.a(_exit.o)
                0x00005d24                exit
                0x00005d24                _exit
 *(.fini9)
 *(.fini8)
 *(.fini8)
 *(.fini7)
 *(.fini7)
 *(.fini6)
 *(.fini6)
 *(.fini5)
 *(.fini5)
 *(.fini4)
 *(.fini4)
 *(.fini3)
 *(.fini3)
 *(.fini2)
 *(.fini2)
 *(.fini1)
 *(.fini1)
 *(.fini0)
 .fini0         0x00005d24        0x4 d:/imt/avr/imt tools/sdk/imt_sdk_win_64/winavr/bin/../lib/gcc/avr/4.3.3/avr5\libgcc.a(_exit.o)
 *(.fini0)
                0x00005d28                _etext = .

.data           0x00800060       0x2e load address 0x00005d28
                0x00800060                PROVIDE (__data_start, .)
 *(.data)
 .data          0x00800060        0x0 d:/imt/avr/imt tools/sdk/imt_sdk_win_64/winavr/bin/../lib/gcc/avr/4.3.3/../../../../avr/lib/avr5/crtm32.o
 .data          0x00800060        0x0 ./MCAL/TIMER/TIMER_Program.o
 .data          0x00800060        0x0 ./MCAL/MUSART/MUSART_Program.o
 .data          0x00800060        0x0 ./MCAL/MTWI/MTWI_Program.o
 .data          0x00800060        0x0 ./MCAL/MSPI/MSPI_Program.o
 .data          0x00800060        0x0 ./MCAL/MGIE/MGIE_Program.o
 .data          0x00800060        0x0 ./MCAL/MDIO/MDIO_Program.o
 .data          0x00800060        0x0 ./MCAL/MADC/MADC_Program.o
 .data          0x00800060        0x0 ./HAL/HLED/HLED_Program.o
 .data          0x00800060        0x0 ./HAL/HEEPROM/HEEPROM_Program.o
 .data          0x00800060        0x0 ./HAL/HCLCD/HCLCD_Program.o
 .data          0x00800060        0x0 ./FreeRTOS/croutine.o
 .data          0x00800060        0x0 ./FreeRTOS/heap_1.o
 .data          0x00800060        0x0 ./FreeRTOS/list.o
 .data          0x00800060        0x0 ./FreeRTOS/port.o
 .data          0x00800060        0x0 ./FreeRTOS/queue.o
 .data          0x00800060        0x5 ./FreeRTOS/tasks.o
 .data          0x00800065        0x0 ./FreeRTOS/timers.o
 .data          0x00800065       0x1e ./main.o
 .data          0x00800083        0x0 d:/imt/avr/imt tools/sdk/imt_sdk_win_64/winavr/bin/../lib/gcc/avr/4.3.3/avr5\libgcc.a(_mulsi3.o)
 .data          0x00800083        0x0 d:/imt/avr/imt tools/sdk/imt_sdk_win_64/winavr/bin/../lib/gcc/avr/4.3.3/avr5\libgcc.a(_udivmodsi4.o)
 .data          0x00800083        0x0 d:/imt/avr/imt tools/sdk/imt_sdk_win_64/winavr/bin/../lib/gcc/avr/4.3.3/avr5\libgcc.a(_exit.o)
 .data          0x00800083        0x0 d:/imt/avr/imt tools/sdk/imt_sdk_win_64/winavr/bin/../lib/gcc/avr/4.3.3/avr5\libgcc.a(_copy_data.o)
 .data          0x00800083        0x0 d:/imt/avr/imt tools/sdk/imt_sdk_win_64/winavr/bin/../lib/gcc/avr/4.3.3/avr5\libgcc.a(_clear_bss.o)
 .data          0x00800083        0x0 d:/imt/avr/imt tools/sdk/imt_sdk_win_64/winavr/bin/../lib/gcc/avr/4.3.3/avr5\libgcc.a(_fixunssfsi.o)
 .data          0x00800083        0x0 d:/imt/avr/imt tools/sdk/imt_sdk_win_64/winavr/bin/../lib/gcc/avr/4.3.3/avr5\libgcc.a(_addsub_sf.o)
 .data          0x00800083        0x0 d:/imt/avr/imt tools/sdk/imt_sdk_win_64/winavr/bin/../lib/gcc/avr/4.3.3/avr5\libgcc.a(_mul_sf.o)
 .data          0x00800083        0x0 d:/imt/avr/imt tools/sdk/imt_sdk_win_64/winavr/bin/../lib/gcc/avr/4.3.3/avr5\libgcc.a(_gt_sf.o)
 .data          0x00800083        0x0 d:/imt/avr/imt tools/sdk/imt_sdk_win_64/winavr/bin/../lib/gcc/avr/4.3.3/avr5\libgcc.a(_ge_sf.o)
 .data          0x00800083        0x0 d:/imt/avr/imt tools/sdk/imt_sdk_win_64/winavr/bin/../lib/gcc/avr/4.3.3/avr5\libgcc.a(_lt_sf.o)
 .data          0x00800083        0x0 d:/imt/avr/imt tools/sdk/imt_sdk_win_64/winavr/bin/../lib/gcc/avr/4.3.3/avr5\libgcc.a(_sf_to_si.o)
 .data          0x00800083        0x8 d:/imt/avr/imt tools/sdk/imt_sdk_win_64/winavr/bin/../lib/gcc/avr/4.3.3/avr5\libgcc.a(_thenan_sf.o)
                0x00800083                __thenan_sf
 .data          0x0080008b        0x0 d:/imt/avr/imt tools/sdk/imt_sdk_win_64/winavr/bin/../lib/gcc/avr/4.3.3/avr5\libgcc.a(_prologue.o)
 .data          0x0080008b        0x0 d:/imt/avr/imt tools/sdk/imt_sdk_win_64/winavr/bin/../lib/gcc/avr/4.3.3/avr5\libgcc.a(_epilogue.o)
 .data          0x0080008b        0x0 d:/imt/avr/imt tools/sdk/imt_sdk_win_64/winavr/bin/../lib/gcc/avr/4.3.3/avr5\libgcc.a(_pack_sf.o)
 .data          0x0080008b        0x0 d:/imt/avr/imt tools/sdk/imt_sdk_win_64/winavr/bin/../lib/gcc/avr/4.3.3/avr5\libgcc.a(_unpack_sf.o)
 .data          0x0080008b        0x0 d:/imt/avr/imt tools/sdk/imt_sdk_win_64/winavr/bin/../lib/gcc/avr/4.3.3/avr5\libgcc.a(_fpcmp_parts_sf.o)
 .data          0x0080008b        0x0 d:/imt/avr/imt tools/sdk/imt_sdk_win_64/winavr/bin/../lib/gcc/avr/4.3.3/../../../../avr/lib/avr5\libc.a(memcpy.o)
 .data          0x0080008b        0x0 d:/imt/avr/imt tools/sdk/imt_sdk_win_64/winavr/bin/../lib/gcc/avr/4.3.3/../../../../avr/lib/avr5\libc.a(memset.o)
 .data          0x0080008b        0x0 d:/imt/avr/imt tools/sdk/imt_sdk_win_64/winavr/bin/../lib/gcc/avr/4.3.3/../../../../avr/lib/avr5\libc.a(strncpy.o)
 *(.data*)
 .data.xNextTaskUnblockTime
                0x0080008b        0x2 ./FreeRTOS/tasks.o
 *(.rodata)
 *(.rodata*)
 *(.gnu.linkonce.d*)
                0x0080008e                . = ALIGN (0x2)
 *fill*         0x0080008d        0x1 00
                0x0080008e                _edata = .
                0x0080008e                PROVIDE (__data_end, .)

.bss            0x0080008e      0x49f
                0x0080008e                PROVIDE (__bss_start, .)
 *(.bss)
 .bss           0x0080008e        0x0 d:/imt/avr/imt tools/sdk/imt_sdk_win_64/winavr/bin/../lib/gcc/avr/4.3.3/../../../../avr/lib/avr5/crtm32.o
 .bss           0x0080008e        0x0 ./MCAL/TIMER/TIMER_Program.o
 .bss           0x0080008e        0x0 ./MCAL/MUSART/MUSART_Program.o
 .bss           0x0080008e        0x0 ./MCAL/MTWI/MTWI_Program.o
 .bss           0x0080008e        0x0 ./MCAL/MSPI/MSPI_Program.o
 .bss           0x0080008e        0x0 ./MCAL/MGIE/MGIE_Program.o
 .bss           0x0080008e        0x0 ./MCAL/MDIO/MDIO_Program.o
 .bss           0x0080008e        0x0 ./MCAL/MADC/MADC_Program.o
 .bss           0x0080008e        0x0 ./HAL/HLED/HLED_Program.o
 .bss           0x0080008e        0x0 ./HAL/HEEPROM/HEEPROM_Program.o
 .bss           0x0080008e        0x0 ./HAL/HCLCD/HCLCD_Program.o
 .bss           0x0080008e        0x0 ./FreeRTOS/croutine.o
 .bss           0x0080008e        0x0 ./FreeRTOS/heap_1.o
 .bss           0x0080008e        0x0 ./FreeRTOS/list.o
 .bss           0x0080008e        0x0 ./FreeRTOS/port.o
 .bss           0x0080008e        0x0 ./FreeRTOS/queue.o
 .bss           0x0080008e        0x0 ./FreeRTOS/tasks.o
 .bss           0x0080008e        0x0 ./FreeRTOS/timers.o
 .bss           0x0080008e        0x0 ./main.o
 .bss           0x0080008e        0x0 d:/imt/avr/imt tools/sdk/imt_sdk_win_64/winavr/bin/../lib/gcc/avr/4.3.3/avr5\libgcc.a(_mulsi3.o)
 .bss           0x0080008e        0x0 d:/imt/avr/imt tools/sdk/imt_sdk_win_64/winavr/bin/../lib/gcc/avr/4.3.3/avr5\libgcc.a(_udivmodsi4.o)
 .bss           0x0080008e        0x0 d:/imt/avr/imt tools/sdk/imt_sdk_win_64/winavr/bin/../lib/gcc/avr/4.3.3/avr5\libgcc.a(_exit.o)
 .bss           0x0080008e        0x0 d:/imt/avr/imt tools/sdk/imt_sdk_win_64/winavr/bin/../lib/gcc/avr/4.3.3/avr5\libgcc.a(_copy_data.o)
 .bss           0x0080008e        0x0 d:/imt/avr/imt tools/sdk/imt_sdk_win_64/winavr/bin/../lib/gcc/avr/4.3.3/avr5\libgcc.a(_clear_bss.o)
 .bss           0x0080008e        0x0 d:/imt/avr/imt tools/sdk/imt_sdk_win_64/winavr/bin/../lib/gcc/avr/4.3.3/avr5\libgcc.a(_fixunssfsi.o)
 .bss           0x0080008e        0x0 d:/imt/avr/imt tools/sdk/imt_sdk_win_64/winavr/bin/../lib/gcc/avr/4.3.3/avr5\libgcc.a(_addsub_sf.o)
 .bss           0x0080008e        0x0 d:/imt/avr/imt tools/sdk/imt_sdk_win_64/winavr/bin/../lib/gcc/avr/4.3.3/avr5\libgcc.a(_mul_sf.o)
 .bss           0x0080008e        0x0 d:/imt/avr/imt tools/sdk/imt_sdk_win_64/winavr/bin/../lib/gcc/avr/4.3.3/avr5\libgcc.a(_gt_sf.o)
 .bss           0x0080008e        0x0 d:/imt/avr/imt tools/sdk/imt_sdk_win_64/winavr/bin/../lib/gcc/avr/4.3.3/avr5\libgcc.a(_ge_sf.o)
 .bss           0x0080008e        0x0 d:/imt/avr/imt tools/sdk/imt_sdk_win_64/winavr/bin/../lib/gcc/avr/4.3.3/avr5\libgcc.a(_lt_sf.o)
 .bss           0x0080008e        0x0 d:/imt/avr/imt tools/sdk/imt_sdk_win_64/winavr/bin/../lib/gcc/avr/4.3.3/avr5\libgcc.a(_sf_to_si.o)
 .bss           0x0080008e        0x0 d:/imt/avr/imt tools/sdk/imt_sdk_win_64/winavr/bin/../lib/gcc/avr/4.3.3/avr5\libgcc.a(_thenan_sf.o)
 .bss           0x0080008e        0x0 d:/imt/avr/imt tools/sdk/imt_sdk_win_64/winavr/bin/../lib/gcc/avr/4.3.3/avr5\libgcc.a(_prologue.o)
 .bss           0x0080008e        0x0 d:/imt/avr/imt tools/sdk/imt_sdk_win_64/winavr/bin/../lib/gcc/avr/4.3.3/avr5\libgcc.a(_epilogue.o)
 .bss           0x0080008e        0x0 d:/imt/avr/imt tools/sdk/imt_sdk_win_64/winavr/bin/../lib/gcc/avr/4.3.3/avr5\libgcc.a(_pack_sf.o)
 .bss           0x0080008e        0x0 d:/imt/avr/imt tools/sdk/imt_sdk_win_64/winavr/bin/../lib/gcc/avr/4.3.3/avr5\libgcc.a(_unpack_sf.o)
 .bss           0x0080008e        0x0 d:/imt/avr/imt tools/sdk/imt_sdk_win_64/winavr/bin/../lib/gcc/avr/4.3.3/avr5\libgcc.a(_fpcmp_parts_sf.o)
 .bss           0x0080008e        0x0 d:/imt/avr/imt tools/sdk/imt_sdk_win_64/winavr/bin/../lib/gcc/avr/4.3.3/../../../../avr/lib/avr5\libc.a(memcpy.o)
 .bss           0x0080008e        0x0 d:/imt/avr/imt tools/sdk/imt_sdk_win_64/winavr/bin/../lib/gcc/avr/4.3.3/../../../../avr/lib/avr5\libc.a(memset.o)
 .bss           0x0080008e        0x0 d:/imt/avr/imt tools/sdk/imt_sdk_win_64/winavr/bin/../lib/gcc/avr/4.3.3/../../../../avr/lib/avr5\libc.a(strncpy.o)
 *(.bss*)
 .bss.Flag.1254
                0x0080008e        0x1 ./HAL/HLED/HLED_Program.o
 .bss.pxCurrentCoRoutine
                0x0080008f        0x2 ./FreeRTOS/croutine.o
                0x0080008f                pxCurrentCoRoutine
 .bss.uxTopCoRoutineReadyPriority
                0x00800091        0x1 ./FreeRTOS/croutine.o
 .bss.xCoRoutineTickCount
                0x00800092        0x2 ./FreeRTOS/croutine.o
 .bss.xLastTickCount
                0x00800094        0x2 ./FreeRTOS/croutine.o
 .bss.xPassedTicks
                0x00800096        0x2 ./FreeRTOS/croutine.o
 .bss.pxReadyCoRoutineLists
                0x00800098       0x12 ./FreeRTOS/croutine.o
 .bss.xDelayedCoRoutineList1
                0x008000aa        0x9 ./FreeRTOS/croutine.o
 .bss.xDelayedCoRoutineList2
                0x008000b3        0x9 ./FreeRTOS/croutine.o
 .bss.pxDelayedCoRoutineList
                0x008000bc        0x2 ./FreeRTOS/croutine.o
 .bss.pxOverflowDelayedCoRoutineList
                0x008000be        0x2 ./FreeRTOS/croutine.o
 .bss.xPendingReadyCoRoutineList
                0x008000c0        0x9 ./FreeRTOS/croutine.o
 .bss.xNextFreeByte
                0x008000c9        0x2 ./FreeRTOS/heap_1.o
 .bss.xHeap     0x008000cb      0x3e8 ./FreeRTOS/heap_1.o
 .bss.pxCurrentTCB
                0x008004b3        0x2 ./FreeRTOS/tasks.o
                0x008004b3                pxCurrentTCB
 .bss.uxTasksDeleted
                0x008004b5        0x1 ./FreeRTOS/tasks.o
 .bss.uxCurrentNumberOfTasks
                0x008004b6        0x1 ./FreeRTOS/tasks.o
 .bss.xTickCount
                0x008004b7        0x2 ./FreeRTOS/tasks.o
 .bss.uxTopUsedPriority
                0x008004b9        0x1 ./FreeRTOS/tasks.o
 .bss.uxTopReadyPriority
                0x008004ba        0x1 ./FreeRTOS/tasks.o
 .bss.xSchedulerRunning
                0x008004bb        0x1 ./FreeRTOS/tasks.o
 .bss.uxSchedulerSuspended
                0x008004bc        0x1 ./FreeRTOS/tasks.o
 .bss.uxMissedTicks
                0x008004bd        0x1 ./FreeRTOS/tasks.o
 .bss.xMissedYield
                0x008004be        0x1 ./FreeRTOS/tasks.o
 .bss.xNumOfOverflows
                0x008004bf        0x1 ./FreeRTOS/tasks.o
 .bss.uxTaskNumber
                0x008004c0        0x1 ./FreeRTOS/tasks.o
 .bss.pxReadyTasksLists
                0x008004c1       0x2d ./FreeRTOS/tasks.o
 .bss.xDelayedTaskList1
                0x008004ee        0x9 ./FreeRTOS/tasks.o
 .bss.xDelayedTaskList2
                0x008004f7        0x9 ./FreeRTOS/tasks.o
 .bss.pxDelayedTaskList
                0x00800500        0x2 ./FreeRTOS/tasks.o
 .bss.pxOverflowDelayedTaskList
                0x00800502        0x2 ./FreeRTOS/tasks.o
 .bss.xPendingReadyList
                0x00800504        0x9 ./FreeRTOS/tasks.o
 .bss.xTasksWaitingTermination
                0x0080050d        0x9 ./FreeRTOS/tasks.o
 .bss.Flag      0x00800516        0x1 ./main.o
 .bss.Digital_INPUT
                0x00800517        0x8 ./main.o
 .bss.Analog_OUT
                0x0080051f        0x8 ./main.o
 *(COMMON)
 COMMON         0x00800527        0x2 ./MCAL/TIMER/TIMER_Program.o
                0x00800527                TIMER0_CallBack
 COMMON         0x00800529        0x2 ./MCAL/MADC/MADC_Program.o
                0x00800529                MADC_CallBack
 COMMON         0x0080052b        0x2 ./main.o
                0x0080052b                ADCSem
                0x0080052d                PROVIDE (__bss_end, .)
                0x00005d28                __data_load_start = LOADADDR (.data)
                0x00005d56                __data_load_end = (__data_load_start + SIZEOF (.data))

.noinit         0x0080052d        0x0
                0x0080052d                PROVIDE (__noinit_start, .)
 *(.noinit*)
                0x0080052d                PROVIDE (__noinit_end, .)
                0x0080052d                _end = .
                0x0080052d                PROVIDE (__heap_start, .)

.eeprom         0x00810000        0x0
 *(.eeprom*)
                0x00810000                __eeprom_end = .

.fuse
 *(.fuse)
 *(.lfuse)
 *(.hfuse)
 *(.efuse)

.lock
 *(.lock*)

.signature
 *(.signature*)

.stab           0x00000000     0x8220
 *(.stab)
 .stab          0x00000000      0x354 ./MCAL/TIMER/TIMER_Program.o
 .stab          0x00000354      0x3f0 ./MCAL/MUSART/MUSART_Program.o
                                0x3fc (size before relaxing)
 .stab          0x00000744      0x6cc ./MCAL/MTWI/MTWI_Program.o
                                0x6d8 (size before relaxing)
 .stab          0x00000e10      0x2d0 ./MCAL/MSPI/MSPI_Program.o
                                0x2dc (size before relaxing)
 .stab          0x000010e0      0x1e0 ./MCAL/MGIE/MGIE_Program.o
                                0x1ec (size before relaxing)
 .stab          0x000012c0      0x888 ./MCAL/MDIO/MDIO_Program.o
                                0x894 (size before relaxing)
 .stab          0x00001b48      0x39c ./MCAL/MADC/MADC_Program.o
                                0x3a8 (size before relaxing)
 .stab          0x00001ee4      0x330 ./HAL/HLED/HLED_Program.o
                                0x33c (size before relaxing)
 .stab          0x00002214      0x5d0 ./HAL/HEEPROM/HEEPROM_Program.o
                                0x5dc (size before relaxing)
 .stab          0x000027e4     0x1350 ./HAL/HCLCD/HCLCD_Program.o
                               0x14dc (size before relaxing)
 .stab          0x00003b34      0x9b4 ./FreeRTOS/croutine.o
                                0xb40 (size before relaxing)
 .stab          0x000044e8      0x354 ./FreeRTOS/heap_1.o
                                0x624 (size before relaxing)
 .stab          0x0000483c      0x474 ./FreeRTOS/list.o
                                0x750 (size before relaxing)
 .stab          0x00004cb0      0x840 ./FreeRTOS/port.o
                                0xb70 (size before relaxing)
 .stab          0x000054f0      0xf24 ./FreeRTOS/queue.o
                               0x1260 (size before relaxing)
 .stab          0x00006414     0x1578 ./FreeRTOS/tasks.o
                               0x17d0 (size before relaxing)
 .stab          0x0000798c      0x1c8 ./FreeRTOS/timers.o
                                0x4c8 (size before relaxing)
 .stab          0x00007b54      0x6cc ./main.o
                                0x9e4 (size before relaxing)

.stabstr        0x00000000     0x3f13
 *(.stabstr)
 .stabstr       0x00000000     0x3f13 ./MCAL/TIMER/TIMER_Program.o

.stab.excl
 *(.stab.excl)

.stab.exclstr
 *(.stab.exclstr)

.stab.index
 *(.stab.index)

.stab.indexstr
 *(.stab.indexstr)

.comment
 *(.comment)

.debug
 *(.debug)

.line
 *(.line)

.debug_srcinfo
 *(.debug_srcinfo)

.debug_sfnames
 *(.debug_sfnames)

.debug_aranges  0x00000000      0x140
 *(.debug_aranges)
 .debug_aranges
                0x00000000       0x20 d:/imt/avr/imt tools/sdk/imt_sdk_win_64/winavr/bin/../lib/gcc/avr/4.3.3/avr5\libgcc.a(_fixunssfsi.o)
 .debug_aranges
                0x00000020       0x20 d:/imt/avr/imt tools/sdk/imt_sdk_win_64/winavr/bin/../lib/gcc/avr/4.3.3/avr5\libgcc.a(_addsub_sf.o)
 .debug_aranges
                0x00000040       0x20 d:/imt/avr/imt tools/sdk/imt_sdk_win_64/winavr/bin/../lib/gcc/avr/4.3.3/avr5\libgcc.a(_mul_sf.o)
 .debug_aranges
                0x00000060       0x20 d:/imt/avr/imt tools/sdk/imt_sdk_win_64/winavr/bin/../lib/gcc/avr/4.3.3/avr5\libgcc.a(_gt_sf.o)
 .debug_aranges
                0x00000080       0x20 d:/imt/avr/imt tools/sdk/imt_sdk_win_64/winavr/bin/../lib/gcc/avr/4.3.3/avr5\libgcc.a(_ge_sf.o)
 .debug_aranges
                0x000000a0       0x20 d:/imt/avr/imt tools/sdk/imt_sdk_win_64/winavr/bin/../lib/gcc/avr/4.3.3/avr5\libgcc.a(_lt_sf.o)
 .debug_aranges
                0x000000c0       0x20 d:/imt/avr/imt tools/sdk/imt_sdk_win_64/winavr/bin/../lib/gcc/avr/4.3.3/avr5\libgcc.a(_sf_to_si.o)
 .debug_aranges
                0x000000e0       0x20 d:/imt/avr/imt tools/sdk/imt_sdk_win_64/winavr/bin/../lib/gcc/avr/4.3.3/avr5\libgcc.a(_pack_sf.o)
 .debug_aranges
                0x00000100       0x20 d:/imt/avr/imt tools/sdk/imt_sdk_win_64/winavr/bin/../lib/gcc/avr/4.3.3/avr5\libgcc.a(_unpack_sf.o)
 .debug_aranges
                0x00000120       0x20 d:/imt/avr/imt tools/sdk/imt_sdk_win_64/winavr/bin/../lib/gcc/avr/4.3.3/avr5\libgcc.a(_fpcmp_parts_sf.o)

.debug_pubnames
                0x00000000      0x170
 *(.debug_pubnames)
 .debug_pubnames
                0x00000000       0x23 d:/imt/avr/imt tools/sdk/imt_sdk_win_64/winavr/bin/../lib/gcc/avr/4.3.3/avr5\libgcc.a(_fixunssfsi.o)
 .debug_pubnames
                0x00000023       0x2c d:/imt/avr/imt tools/sdk/imt_sdk_win_64/winavr/bin/../lib/gcc/avr/4.3.3/avr5\libgcc.a(_addsub_sf.o)
 .debug_pubnames
                0x0000004f       0x1f d:/imt/avr/imt tools/sdk/imt_sdk_win_64/winavr/bin/../lib/gcc/avr/4.3.3/avr5\libgcc.a(_mul_sf.o)
 .debug_pubnames
                0x0000006e       0x1e d:/imt/avr/imt tools/sdk/imt_sdk_win_64/winavr/bin/../lib/gcc/avr/4.3.3/avr5\libgcc.a(_gt_sf.o)
 .debug_pubnames
                0x0000008c       0x1e d:/imt/avr/imt tools/sdk/imt_sdk_win_64/winavr/bin/../lib/gcc/avr/4.3.3/avr5\libgcc.a(_ge_sf.o)
 .debug_pubnames
                0x000000aa       0x1e d:/imt/avr/imt tools/sdk/imt_sdk_win_64/winavr/bin/../lib/gcc/avr/4.3.3/avr5\libgcc.a(_lt_sf.o)
 .debug_pubnames
                0x000000c8       0x20 d:/imt/avr/imt tools/sdk/imt_sdk_win_64/winavr/bin/../lib/gcc/avr/4.3.3/avr5\libgcc.a(_sf_to_si.o)
 .debug_pubnames
                0x000000e8       0x22 d:/imt/avr/imt tools/sdk/imt_sdk_win_64/winavr/bin/../lib/gcc/avr/4.3.3/avr5\libgcc.a(_thenan_sf.o)
 .debug_pubnames
                0x0000010a       0x1f d:/imt/avr/imt tools/sdk/imt_sdk_win_64/winavr/bin/../lib/gcc/avr/4.3.3/avr5\libgcc.a(_pack_sf.o)
 .debug_pubnames
                0x00000129       0x21 d:/imt/avr/imt tools/sdk/imt_sdk_win_64/winavr/bin/../lib/gcc/avr/4.3.3/avr5\libgcc.a(_unpack_sf.o)
 .debug_pubnames
                0x0000014a       0x26 d:/imt/avr/imt tools/sdk/imt_sdk_win_64/winavr/bin/../lib/gcc/avr/4.3.3/avr5\libgcc.a(_fpcmp_parts_sf.o)

.debug_info     0x00000000     0x1c49
 *(.debug_info)
 .debug_info    0x00000000       0xb1 d:/imt/avr/imt tools/sdk/imt_sdk_win_64/winavr/bin/../lib/gcc/avr/4.3.3/avr5\libgcc.a(_fixunssfsi.o)
 .debug_info    0x000000b1      0x47a d:/imt/avr/imt tools/sdk/imt_sdk_win_64/winavr/bin/../lib/gcc/avr/4.3.3/avr5\libgcc.a(_addsub_sf.o)
 .debug_info    0x0000052b      0x485 d:/imt/avr/imt tools/sdk/imt_sdk_win_64/winavr/bin/../lib/gcc/avr/4.3.3/avr5\libgcc.a(_mul_sf.o)
 .debug_info    0x000009b0      0x27f d:/imt/avr/imt tools/sdk/imt_sdk_win_64/winavr/bin/../lib/gcc/avr/4.3.3/avr5\libgcc.a(_gt_sf.o)
 .debug_info    0x00000c2f      0x27f d:/imt/avr/imt tools/sdk/imt_sdk_win_64/winavr/bin/../lib/gcc/avr/4.3.3/avr5\libgcc.a(_ge_sf.o)
 .debug_info    0x00000eae      0x27f d:/imt/avr/imt tools/sdk/imt_sdk_win_64/winavr/bin/../lib/gcc/avr/4.3.3/avr5\libgcc.a(_lt_sf.o)
 .debug_info    0x0000112d      0x2b0 d:/imt/avr/imt tools/sdk/imt_sdk_win_64/winavr/bin/../lib/gcc/avr/4.3.3/avr5\libgcc.a(_sf_to_si.o)
 .debug_info    0x000013dd      0x12c d:/imt/avr/imt tools/sdk/imt_sdk_win_64/winavr/bin/../lib/gcc/avr/4.3.3/avr5\libgcc.a(_thenan_sf.o)
 .debug_info    0x00001509      0x2df d:/imt/avr/imt tools/sdk/imt_sdk_win_64/winavr/bin/../lib/gcc/avr/4.3.3/avr5\libgcc.a(_pack_sf.o)
 .debug_info    0x000017e8      0x251 d:/imt/avr/imt tools/sdk/imt_sdk_win_64/winavr/bin/../lib/gcc/avr/4.3.3/avr5\libgcc.a(_unpack_sf.o)
 .debug_info    0x00001a39      0x210 d:/imt/avr/imt tools/sdk/imt_sdk_win_64/winavr/bin/../lib/gcc/avr/4.3.3/avr5\libgcc.a(_fpcmp_parts_sf.o)
 *(.gnu.linkonce.wi.*)

.debug_abbrev   0x00000000      0xeeb
 *(.debug_abbrev)
 .debug_abbrev  0x00000000       0x5d d:/imt/avr/imt tools/sdk/imt_sdk_win_64/winavr/bin/../lib/gcc/avr/4.3.3/avr5\libgcc.a(_fixunssfsi.o)
 .debug_abbrev  0x0000005d      0x1ea d:/imt/avr/imt tools/sdk/imt_sdk_win_64/winavr/bin/../lib/gcc/avr/4.3.3/avr5\libgcc.a(_addsub_sf.o)
 .debug_abbrev  0x00000247      0x21b d:/imt/avr/imt tools/sdk/imt_sdk_win_64/winavr/bin/../lib/gcc/avr/4.3.3/avr5\libgcc.a(_mul_sf.o)
 .debug_abbrev  0x00000462      0x15a d:/imt/avr/imt tools/sdk/imt_sdk_win_64/winavr/bin/../lib/gcc/avr/4.3.3/avr5\libgcc.a(_gt_sf.o)
 .debug_abbrev  0x000005bc      0x15a d:/imt/avr/imt tools/sdk/imt_sdk_win_64/winavr/bin/../lib/gcc/avr/4.3.3/avr5\libgcc.a(_ge_sf.o)
 .debug_abbrev  0x00000716      0x15a d:/imt/avr/imt tools/sdk/imt_sdk_win_64/winavr/bin/../lib/gcc/avr/4.3.3/avr5\libgcc.a(_lt_sf.o)
 .debug_abbrev  0x00000870      0x17f d:/imt/avr/imt tools/sdk/imt_sdk_win_64/winavr/bin/../lib/gcc/avr/4.3.3/avr5\libgcc.a(_sf_to_si.o)
 .debug_abbrev  0x000009ef       0xad d:/imt/avr/imt tools/sdk/imt_sdk_win_64/winavr/bin/../lib/gcc/avr/4.3.3/avr5\libgcc.a(_thenan_sf.o)
 .debug_abbrev  0x00000a9c      0x1c0 d:/imt/avr/imt tools/sdk/imt_sdk_win_64/winavr/bin/../lib/gcc/avr/4.3.3/avr5\libgcc.a(_pack_sf.o)
 .debug_abbrev  0x00000c5c      0x154 d:/imt/avr/imt tools/sdk/imt_sdk_win_64/winavr/bin/../lib/gcc/avr/4.3.3/avr5\libgcc.a(_unpack_sf.o)
 .debug_abbrev  0x00000db0      0x13b d:/imt/avr/imt tools/sdk/imt_sdk_win_64/winavr/bin/../lib/gcc/avr/4.3.3/avr5\libgcc.a(_fpcmp_parts_sf.o)

.debug_line     0x00000000      0xdad
 *(.debug_line)
 .debug_line    0x00000000       0xa7 d:/imt/avr/imt tools/sdk/imt_sdk_win_64/winavr/bin/../lib/gcc/avr/4.3.3/avr5\libgcc.a(_fixunssfsi.o)
 .debug_line    0x000000a7      0x2af d:/imt/avr/imt tools/sdk/imt_sdk_win_64/winavr/bin/../lib/gcc/avr/4.3.3/avr5\libgcc.a(_addsub_sf.o)
 .debug_line    0x00000356      0x239 d:/imt/avr/imt tools/sdk/imt_sdk_win_64/winavr/bin/../lib/gcc/avr/4.3.3/avr5\libgcc.a(_mul_sf.o)
 .debug_line    0x0000058f       0xd3 d:/imt/avr/imt tools/sdk/imt_sdk_win_64/winavr/bin/../lib/gcc/avr/4.3.3/avr5\libgcc.a(_gt_sf.o)
 .debug_line    0x00000662       0xd3 d:/imt/avr/imt tools/sdk/imt_sdk_win_64/winavr/bin/../lib/gcc/avr/4.3.3/avr5\libgcc.a(_ge_sf.o)
 .debug_line    0x00000735       0xd3 d:/imt/avr/imt tools/sdk/imt_sdk_win_64/winavr/bin/../lib/gcc/avr/4.3.3/avr5\libgcc.a(_lt_sf.o)
 .debug_line    0x00000808      0x109 d:/imt/avr/imt tools/sdk/imt_sdk_win_64/winavr/bin/../lib/gcc/avr/4.3.3/avr5\libgcc.a(_sf_to_si.o)
 .debug_line    0x00000911       0x90 d:/imt/avr/imt tools/sdk/imt_sdk_win_64/winavr/bin/../lib/gcc/avr/4.3.3/avr5\libgcc.a(_thenan_sf.o)
 .debug_line    0x000009a1      0x18a d:/imt/avr/imt tools/sdk/imt_sdk_win_64/winavr/bin/../lib/gcc/avr/4.3.3/avr5\libgcc.a(_pack_sf.o)
 .debug_line    0x00000b2b      0x14b d:/imt/avr/imt tools/sdk/imt_sdk_win_64/winavr/bin/../lib/gcc/avr/4.3.3/avr5\libgcc.a(_unpack_sf.o)
 .debug_line    0x00000c76      0x137 d:/imt/avr/imt tools/sdk/imt_sdk_win_64/winavr/bin/../lib/gcc/avr/4.3.3/avr5\libgcc.a(_fpcmp_parts_sf.o)

.debug_frame    0x00000000      0x160
 *(.debug_frame)
 .debug_frame   0x00000000       0x20 d:/imt/avr/imt tools/sdk/imt_sdk_win_64/winavr/bin/../lib/gcc/avr/4.3.3/avr5\libgcc.a(_fixunssfsi.o)
 .debug_frame   0x00000020       0x40 d:/imt/avr/imt tools/sdk/imt_sdk_win_64/winavr/bin/../lib/gcc/avr/4.3.3/avr5\libgcc.a(_addsub_sf.o)
 .debug_frame   0x00000060       0x20 d:/imt/avr/imt tools/sdk/imt_sdk_win_64/winavr/bin/../lib/gcc/avr/4.3.3/avr5\libgcc.a(_mul_sf.o)
 .debug_frame   0x00000080       0x20 d:/imt/avr/imt tools/sdk/imt_sdk_win_64/winavr/bin/../lib/gcc/avr/4.3.3/avr5\libgcc.a(_gt_sf.o)
 .debug_frame   0x000000a0       0x20 d:/imt/avr/imt tools/sdk/imt_sdk_win_64/winavr/bin/../lib/gcc/avr/4.3.3/avr5\libgcc.a(_ge_sf.o)
 .debug_frame   0x000000c0       0x20 d:/imt/avr/imt tools/sdk/imt_sdk_win_64/winavr/bin/../lib/gcc/avr/4.3.3/avr5\libgcc.a(_lt_sf.o)
 .debug_frame   0x000000e0       0x20 d:/imt/avr/imt tools/sdk/imt_sdk_win_64/winavr/bin/../lib/gcc/avr/4.3.3/avr5\libgcc.a(_sf_to_si.o)
 .debug_frame   0x00000100       0x20 d:/imt/avr/imt tools/sdk/imt_sdk_win_64/winavr/bin/../lib/gcc/avr/4.3.3/avr5\libgcc.a(_pack_sf.o)
 .debug_frame   0x00000120       0x20 d:/imt/avr/imt tools/sdk/imt_sdk_win_64/winavr/bin/../lib/gcc/avr/4.3.3/avr5\libgcc.a(_unpack_sf.o)
 .debug_frame   0x00000140       0x20 d:/imt/avr/imt tools/sdk/imt_sdk_win_64/winavr/bin/../lib/gcc/avr/4.3.3/avr5\libgcc.a(_fpcmp_parts_sf.o)

.debug_str      0x00000000      0x28d
 *(.debug_str)
 .debug_str     0x00000000       0xbf d:/imt/avr/imt tools/sdk/imt_sdk_win_64/winavr/bin/../lib/gcc/avr/4.3.3/avr5\libgcc.a(_fixunssfsi.o)
                                 0xfe (size before relaxing)
 .debug_str     0x000000bf      0x14d d:/imt/avr/imt tools/sdk/imt_sdk_win_64/winavr/bin/../lib/gcc/avr/4.3.3/avr5\libgcc.a(_addsub_sf.o)
                                0x206 (size before relaxing)
 .debug_str     0x0000020c       0x27 d:/imt/avr/imt tools/sdk/imt_sdk_win_64/winavr/bin/../lib/gcc/avr/4.3.3/avr5\libgcc.a(_mul_sf.o)
                                0x1bf (size before relaxing)
 .debug_str     0x00000233        0xf d:/imt/avr/imt tools/sdk/imt_sdk_win_64/winavr/bin/../lib/gcc/avr/4.3.3/avr5\libgcc.a(_gt_sf.o)
                                0x195 (size before relaxing)
 .debug_str     0x00000242        0x8 d:/imt/avr/imt tools/sdk/imt_sdk_win_64/winavr/bin/../lib/gcc/avr/4.3.3/avr5\libgcc.a(_ge_sf.o)
                                0x195 (size before relaxing)
 .debug_str     0x0000024a        0x8 d:/imt/avr/imt tools/sdk/imt_sdk_win_64/winavr/bin/../lib/gcc/avr/4.3.3/avr5\libgcc.a(_lt_sf.o)
                                0x195 (size before relaxing)
 .debug_str     0x00000252        0xa d:/imt/avr/imt tools/sdk/imt_sdk_win_64/winavr/bin/../lib/gcc/avr/4.3.3/avr5\libgcc.a(_sf_to_si.o)
                                0x19e (size before relaxing)
 .debug_str     0x00000000      0x103 d:/imt/avr/imt tools/sdk/imt_sdk_win_64/winavr/bin/../lib/gcc/avr/4.3.3/avr5\libgcc.a(_thenan_sf.o)
 .debug_str     0x0000025c       0x16 d:/imt/avr/imt tools/sdk/imt_sdk_win_64/winavr/bin/../lib/gcc/avr/4.3.3/avr5\libgcc.a(_pack_sf.o)
                                0x19d (size before relaxing)
 .debug_str     0x00000272        0xb d:/imt/avr/imt tools/sdk/imt_sdk_win_64/winavr/bin/../lib/gcc/avr/4.3.3/avr5\libgcc.a(_unpack_sf.o)
                                0x17f (size before relaxing)
 .debug_str     0x0000027d       0x10 d:/imt/avr/imt tools/sdk/imt_sdk_win_64/winavr/bin/../lib/gcc/avr/4.3.3/avr5\libgcc.a(_fpcmp_parts_sf.o)
                                0x163 (size before relaxing)

.debug_loc      0x00000000      0x7ce
 *(.debug_loc)
 .debug_loc     0x00000000       0x34 d:/imt/avr/imt tools/sdk/imt_sdk_win_64/winavr/bin/../lib/gcc/avr/4.3.3/avr5\libgcc.a(_fixunssfsi.o)
 .debug_loc     0x00000034      0x32a d:/imt/avr/imt tools/sdk/imt_sdk_win_64/winavr/bin/../lib/gcc/avr/4.3.3/avr5\libgcc.a(_addsub_sf.o)
 .debug_loc     0x0000035e      0x104 d:/imt/avr/imt tools/sdk/imt_sdk_win_64/winavr/bin/../lib/gcc/avr/4.3.3/avr5\libgcc.a(_mul_sf.o)
 .debug_loc     0x00000462       0x3c d:/imt/avr/imt tools/sdk/imt_sdk_win_64/winavr/bin/../lib/gcc/avr/4.3.3/avr5\libgcc.a(_gt_sf.o)
 .debug_loc     0x0000049e       0x3c d:/imt/avr/imt tools/sdk/imt_sdk_win_64/winavr/bin/../lib/gcc/avr/4.3.3/avr5\libgcc.a(_ge_sf.o)
 .debug_loc     0x000004da       0x3c d:/imt/avr/imt tools/sdk/imt_sdk_win_64/winavr/bin/../lib/gcc/avr/4.3.3/avr5\libgcc.a(_lt_sf.o)
 .debug_loc     0x00000516       0x7e d:/imt/avr/imt tools/sdk/imt_sdk_win_64/winavr/bin/../lib/gcc/avr/4.3.3/avr5\libgcc.a(_sf_to_si.o)
 .debug_loc     0x00000594      0x13e d:/imt/avr/imt tools/sdk/imt_sdk_win_64/winavr/bin/../lib/gcc/avr/4.3.3/avr5\libgcc.a(_pack_sf.o)
 .debug_loc     0x000006d2       0xac d:/imt/avr/imt tools/sdk/imt_sdk_win_64/winavr/bin/../lib/gcc/avr/4.3.3/avr5\libgcc.a(_unpack_sf.o)
 .debug_loc     0x0000077e       0x50 d:/imt/avr/imt tools/sdk/imt_sdk_win_64/winavr/bin/../lib/gcc/avr/4.3.3/avr5\libgcc.a(_fpcmp_parts_sf.o)

.debug_macinfo
 *(.debug_macinfo)
OUTPUT(ADC_LCD_Semphore.elf elf32-avr)
LOAD linker stubs

.debug_ranges   0x00000000       0x50
 .debug_ranges  0x00000000       0x50 d:/imt/avr/imt tools/sdk/imt_sdk_win_64/winavr/bin/../lib/gcc/avr/4.3.3/avr5\libgcc.a(_mul_sf.o)
