Archive member included because of file (symbol)

d:/imt/avr/imt tools/sdk/imt_sdk_win_64/winavr/bin/../lib/gcc/avr/4.3.3/avr5\libgcc.a(_mulsi3.o)
                              ./main.o (__mulsi3)
d:/imt/avr/imt tools/sdk/imt_sdk_win_64/winavr/bin/../lib/gcc/avr/4.3.3/avr5\libgcc.a(_udivmodsi4.o)
                              ./HAL/HCLCD/HCLCD_Program.o (__udivmodsi4)
d:/imt/avr/imt tools/sdk/imt_sdk_win_64/winavr/bin/../lib/gcc/avr/4.3.3/avr5\libgcc.a(_exit.o)
                              d:/imt/avr/imt tools/sdk/imt_sdk_win_64/winavr/bin/../lib/gcc/avr/4.3.3/../../../../avr/lib/avr5/crtm32.o (exit)
d:/imt/avr/imt tools/sdk/imt_sdk_win_64/winavr/bin/../lib/gcc/avr/4.3.3/avr5\libgcc.a(_copy_data.o)
                              ./FreeRTOS/tasks.o (__do_copy_data)
d:/imt/avr/imt tools/sdk/imt_sdk_win_64/winavr/bin/../lib/gcc/avr/4.3.3/avr5\libgcc.a(_clear_bss.o)
                              ./MCAL/TIMER/TIMER_Program.o (__do_clear_bss)
d:/imt/avr/imt tools/sdk/imt_sdk_win_64/winavr/bin/../lib/gcc/avr/4.3.3/../../../../avr/lib/avr5\libc.a(memcpy.o)
                              ./FreeRTOS/queue.o (memcpy)
d:/imt/avr/imt tools/sdk/imt_sdk_win_64/winavr/bin/../lib/gcc/avr/4.3.3/../../../../avr/lib/avr5\libc.a(memset.o)
                              ./FreeRTOS/tasks.o (memset)
d:/imt/avr/imt tools/sdk/imt_sdk_win_64/winavr/bin/../lib/gcc/avr/4.3.3/../../../../avr/lib/avr5\libc.a(strncpy.o)
                              ./FreeRTOS/tasks.o (strncpy)

Allocating common symbols
Common symbol       size              file

TIMER0_CallBack     0x2               ./MCAL/TIMER/TIMER_Program.o
ADCSem              0x2               ./main.o
MADC_CallBack       0x2               ./MCAL/MADC/MADC_Program.o

Memory Configuration

Name             Origin             Length             Attributes
text             0x00000000         0x00020000         xr
data             0x00800060         0x0000ffa0         rw !x
eeprom           0x00810000         0x00010000         rw !x
fuse             0x00820000         0x00000400         rw !x
lock             0x00830000         0x00000400         rw !x
signature        0x00840000         0x00000400         rw !x
*default*        0x00000000         0xffffffff

Linker script and memory map

LOAD d:/imt/avr/imt tools/sdk/imt_sdk_win_64/winavr/bin/../lib/gcc/avr/4.3.3/../../../../avr/lib/avr5/crtm32.o
LOAD ./MCAL/TIMER/TIMER_Program.o
LOAD ./MCAL/MUSART/MUSART_Program.o
LOAD ./MCAL/MTWI/MTWI_Program.o
LOAD ./MCAL/MSPI/MSPI_Program.o
LOAD ./MCAL/MGIE/MGIE_Program.o
LOAD ./MCAL/MDIO/MDIO_Program.o
LOAD ./MCAL/MADC/MADC_Program.o
LOAD ./HAL/HLED/HLED_Program.o
LOAD ./HAL/HEEPROM/HEEPROM_Program.o
LOAD ./HAL/HCLCD/HCLCD_Program.o
LOAD ./FreeRTOS/croutine.o
LOAD ./FreeRTOS/heap_1.o
LOAD ./FreeRTOS/list.o
LOAD ./FreeRTOS/port.o
LOAD ./FreeRTOS/queue.o
LOAD ./FreeRTOS/tasks.o
LOAD ./FreeRTOS/timers.o
LOAD ./main.o
LOAD d:/imt/avr/imt tools/sdk/imt_sdk_win_64/winavr/bin/../lib/gcc/avr/4.3.3/avr5\libgcc.a
LOAD d:/imt/avr/imt tools/sdk/imt_sdk_win_64/winavr/bin/../lib/gcc/avr/4.3.3/../../../../avr/lib/avr5\libc.a
LOAD d:/imt/avr/imt tools/sdk/imt_sdk_win_64/winavr/bin/../lib/gcc/avr/4.3.3/avr5\libgcc.a

.hash
 *(.hash)

.dynsym
 *(.dynsym)

.dynstr
 *(.dynstr)

.gnu.version
 *(.gnu.version)

.gnu.version_d
 *(.gnu.version_d)

.gnu.version_r
 *(.gnu.version_r)

.rel.init
 *(.rel.init)

.rela.init
 *(.rela.init)

.rel.text
 *(.rel.text)
 *(.rel.text.*)
 *(.rel.gnu.linkonce.t*)

.rela.text
 *(.rela.text)
 *(.rela.text.*)
 *(.rela.gnu.linkonce.t*)

.rel.fini
 *(.rel.fini)

.rela.fini
 *(.rela.fini)

.rel.rodata
 *(.rel.rodata)
 *(.rel.rodata.*)
 *(.rel.gnu.linkonce.r*)

.rela.rodata
 *(.rela.rodata)
 *(.rela.rodata.*)
 *(.rela.gnu.linkonce.r*)

.rel.data
 *(.rel.data)
 *(.rel.data.*)
 *(.rel.gnu.linkonce.d*)

.rela.data
 *(.rela.data)
 *(.rela.data.*)
 *(.rela.gnu.linkonce.d*)

.rel.ctors
 *(.rel.ctors)

.rela.ctors
 *(.rela.ctors)

.rel.dtors
 *(.rel.dtors)

.rela.dtors
 *(.rela.dtors)

.rel.got
 *(.rel.got)

.rela.got
 *(.rela.got)

.rel.bss
 *(.rel.bss)

.rela.bss
 *(.rela.bss)

.rel.plt
 *(.rel.plt)

.rela.plt
 *(.rela.plt)

.text           0x00000000     0x2650
 *(.vectors)
 .vectors       0x00000000       0x54 d:/imt/avr/imt tools/sdk/imt_sdk_win_64/winavr/bin/../lib/gcc/avr/4.3.3/../../../../avr/lib/avr5/crtm32.o
                0x00000000                __vectors
                0x00000000                __vector_default
 *(.vectors)
 *(.progmem.gcc*)
 *(.progmem*)
                0x00000054                . = ALIGN (0x2)
                0x00000054                __trampolines_start = .
 *(.trampolines)
 .trampolines   0x00000054        0x0 linker stubs
 *(.trampolines*)
                0x00000054                __trampolines_end = .
 *(.jumptables)
 *(.jumptables*)
 *(.lowtext)
 *(.lowtext*)
                0x00000054                __ctors_start = .
 *(.ctors)
                0x00000054                __ctors_end = .
                0x00000054                __dtors_start = .
 *(.dtors)
                0x00000054                __dtors_end = .
 SORT(*)(.ctors)
 SORT(*)(.dtors)
 *(.init0)
 .init0         0x00000054        0x0 d:/imt/avr/imt tools/sdk/imt_sdk_win_64/winavr/bin/../lib/gcc/avr/4.3.3/../../../../avr/lib/avr5/crtm32.o
                0x00000054                __init
 *(.init0)
 *(.init1)
 *(.init1)
 *(.init2)
 .init2         0x00000054        0xc d:/imt/avr/imt tools/sdk/imt_sdk_win_64/winavr/bin/../lib/gcc/avr/4.3.3/../../../../avr/lib/avr5/crtm32.o
 *(.init2)
 *(.init3)
 *(.init3)
 *(.init4)
 .init4         0x00000060       0x16 d:/imt/avr/imt tools/sdk/imt_sdk_win_64/winavr/bin/../lib/gcc/avr/4.3.3/avr5\libgcc.a(_copy_data.o)
                0x00000060                __do_copy_data
 .init4         0x00000076       0x10 d:/imt/avr/imt tools/sdk/imt_sdk_win_64/winavr/bin/../lib/gcc/avr/4.3.3/avr5\libgcc.a(_clear_bss.o)
                0x00000076                __do_clear_bss
 *(.init4)
 *(.init5)
 *(.init5)
 *(.init6)
 *(.init6)
 *(.init7)
 *(.init7)
 *(.init8)
 *(.init8)
 *(.init9)
 .init9         0x00000086        0x8 d:/imt/avr/imt tools/sdk/imt_sdk_win_64/winavr/bin/../lib/gcc/avr/4.3.3/../../../../avr/lib/avr5/crtm32.o
 *(.init9)
 *(.text)
 .text          0x0000008e        0x4 d:/imt/avr/imt tools/sdk/imt_sdk_win_64/winavr/bin/../lib/gcc/avr/4.3.3/../../../../avr/lib/avr5/crtm32.o
                0x0000008e                __vector_1
                0x0000008e                __vector_12
                0x0000008e                __bad_interrupt
                0x0000008e                __vector_6
                0x0000008e                __vector_3
                0x0000008e                __vector_13
                0x0000008e                __vector_17
                0x0000008e                __vector_19
                0x0000008e                __vector_5
                0x0000008e                __vector_4
                0x0000008e                __vector_9
                0x0000008e                __vector_2
                0x0000008e                __vector_15
                0x0000008e                __vector_8
                0x0000008e                __vector_14
                0x0000008e                __vector_18
                0x0000008e                __vector_20
 .text          0x00000092        0x0 ./MCAL/TIMER/TIMER_Program.o
 .text          0x00000092        0x0 ./MCAL/MUSART/MUSART_Program.o
 .text          0x00000092        0x0 ./MCAL/MTWI/MTWI_Program.o
 .text          0x00000092        0x0 ./MCAL/MSPI/MSPI_Program.o
 .text          0x00000092        0x0 ./MCAL/MGIE/MGIE_Program.o
 .text          0x00000092        0x0 ./MCAL/MDIO/MDIO_Program.o
 .text          0x00000092        0x0 ./MCAL/MADC/MADC_Program.o
 .text          0x00000092        0x0 ./HAL/HLED/HLED_Program.o
 .text          0x00000092        0x0 ./HAL/HEEPROM/HEEPROM_Program.o
 .text          0x00000092        0x0 ./HAL/HCLCD/HCLCD_Program.o
 .text          0x00000092        0x0 ./FreeRTOS/croutine.o
 .text          0x00000092        0x0 ./FreeRTOS/heap_1.o
 .text          0x00000092        0x0 ./FreeRTOS/list.o
 .text          0x00000092        0x0 ./FreeRTOS/port.o
 .text          0x00000092        0x0 ./FreeRTOS/queue.o
 .text          0x00000092        0x0 ./FreeRTOS/tasks.o
 .text          0x00000092        0x0 ./FreeRTOS/timers.o
 .text          0x00000092        0x0 ./main.o
 .text          0x00000092        0x0 d:/imt/avr/imt tools/sdk/imt_sdk_win_64/winavr/bin/../lib/gcc/avr/4.3.3/avr5\libgcc.a(_mulsi3.o)
 .text          0x00000092        0x0 d:/imt/avr/imt tools/sdk/imt_sdk_win_64/winavr/bin/../lib/gcc/avr/4.3.3/avr5\libgcc.a(_udivmodsi4.o)
 .text          0x00000092        0x0 d:/imt/avr/imt tools/sdk/imt_sdk_win_64/winavr/bin/../lib/gcc/avr/4.3.3/avr5\libgcc.a(_exit.o)
 .text          0x00000092        0x0 d:/imt/avr/imt tools/sdk/imt_sdk_win_64/winavr/bin/../lib/gcc/avr/4.3.3/avr5\libgcc.a(_copy_data.o)
 .text          0x00000092        0x0 d:/imt/avr/imt tools/sdk/imt_sdk_win_64/winavr/bin/../lib/gcc/avr/4.3.3/avr5\libgcc.a(_clear_bss.o)
 .text          0x00000092        0x0 d:/imt/avr/imt tools/sdk/imt_sdk_win_64/winavr/bin/../lib/gcc/avr/4.3.3/../../../../avr/lib/avr5\libc.a(memcpy.o)
 .text          0x00000092        0x0 d:/imt/avr/imt tools/sdk/imt_sdk_win_64/winavr/bin/../lib/gcc/avr/4.3.3/../../../../avr/lib/avr5\libc.a(memset.o)
 .text          0x00000092        0x0 d:/imt/avr/imt tools/sdk/imt_sdk_win_64/winavr/bin/../lib/gcc/avr/4.3.3/../../../../avr/lib/avr5\libc.a(strncpy.o)
                0x00000092                . = ALIGN (0x2)
 *(.text.*)
 .text.TIMER0_VidInit
                0x00000092       0x26 ./MCAL/TIMER/TIMER_Program.o
                0x00000092                TIMER0_VidInit
 .text.TIMER0_VidSetPreload
                0x000000b8        0x4 ./MCAL/TIMER/TIMER_Program.o
                0x000000b8                TIMER0_VidSetPreload
 .text.TIMER0_VidSetCTCValue
                0x000000bc        0x4 ./MCAL/TIMER/TIMER_Program.o
                0x000000bc                TIMER0_VidSetCTCValue
 .text.TIMER0_VidOVF_SetCallBack
                0x000000c0        0xa ./MCAL/TIMER/TIMER_Program.o
                0x000000c0                TIMER0_VidOVF_SetCallBack
 .text.TIMER0_VidCTC_SetCallBack
                0x000000ca        0xa ./MCAL/TIMER/TIMER_Program.o
                0x000000ca                TIMER0_VidCTC_SetCallBack
 .text.__vector_11
                0x000000d4       0x4e ./MCAL/TIMER/TIMER_Program.o
                0x000000d4                __vector_11
 .text.__vector_10
                0x00000122       0x4e ./MCAL/TIMER/TIMER_Program.o
                0x00000122                __vector_10
 .text.MUSART_VidInit
                0x00000170       0x10 ./MCAL/MUSART/MUSART_Program.o
                0x00000170                MUSART_VidInit
 .text.MUSART_VidSendChar
                0x00000180        0x8 ./MCAL/MUSART/MUSART_Program.o
                0x00000180                MUSART_VidSendChar
 .text.MUSART_u8ReceiveData
                0x00000188        0x8 ./MCAL/MUSART/MUSART_Program.o
                0x00000188                MUSART_u8ReceiveData
 .text.MUSART_VidSendString
                0x00000190       0x1a ./MCAL/MUSART/MUSART_Program.o
                0x00000190                MUSART_VidSendString
 .text.MUSART_VidReceiveString
                0x000001aa       0x1e ./MCAL/MUSART/MUSART_Program.o
                0x000001aa                MUSART_VidReceiveString
 .text.MTWI_VidInitMaster
                0x000001c8       0x20 ./MCAL/MTWI/MTWI_Program.o
                0x000001c8                MTWI_VidInitMaster
 .text.MTWI_VidInitSlave
                0x000001e8       0x12 ./MCAL/MTWI/MTWI_Program.o
                0x000001e8                MTWI_VidInitSlave
 .text.MTWI_SendStartCondition
                0x000001fa       0x22 ./MCAL/MTWI/MTWI_Program.o
                0x000001fa                MTWI_SendStartCondition
 .text.MTWI_SendRepeatedStart
                0x0000021c       0x22 ./MCAL/MTWI/MTWI_Program.o
                0x0000021c                MTWI_SendRepeatedStart
 .text.MTWI_SendSlaveAddresWithWrite
                0x0000023e       0x28 ./MCAL/MTWI/MTWI_Program.o
                0x0000023e                MTWI_SendSlaveAddresWithWrite
 .text.MTWI_SendSlaveAddresWithRead
                0x00000266       0x28 ./MCAL/MTWI/MTWI_Program.o
                0x00000266                MTWI_SendSlaveAddresWithRead
 .text.MTWI_MasterWriteDataByte
                0x0000028e       0x1e ./MCAL/MTWI/MTWI_Program.o
                0x0000028e                MTWI_MasterWriteDataByte
 .text.MTWI_MasterReadDataByte
                0x000002ac       0x22 ./MCAL/MTWI/MTWI_Program.o
                0x000002ac                MTWI_MasterReadDataByte
 .text.MTWI_SendStopCondition
                0x000002ce        0xe ./MCAL/MTWI/MTWI_Program.o
                0x000002ce                MTWI_SendStopCondition
 .text.MSPI_VidMaster_Init
                0x000002dc       0x1a ./MCAL/MSPI/MSPI_Program.o
                0x000002dc                MSPI_VidMaster_Init
 .text.MSPI_VidSlave_Init
                0x000002f6        0xe ./MCAL/MSPI/MSPI_Program.o
                0x000002f6                MSPI_VidSlave_Init
 .text.MSPI_u8Send_Receive_Char
                0x00000304        0xa ./MCAL/MSPI/MSPI_Program.o
                0x00000304                MSPI_u8Send_Receive_Char
 .text.MGIE_VidEnable
                0x0000030e        0x8 ./MCAL/MGIE/MGIE_Program.o
                0x0000030e                MGIE_VidEnable
 .text.MGIE_VidDisable
                0x00000316        0x8 ./MCAL/MGIE/MGIE_Program.o
                0x00000316                MGIE_VidDisable
 .text.MDIO_Error_State_SetPinDirection
                0x0000031e      0x100 ./MCAL/MDIO/MDIO_Program.o
                0x0000031e                MDIO_Error_State_SetPinDirection
 .text.MDIO_Error_State_SetPortDirection
                0x0000041e       0x32 ./MCAL/MDIO/MDIO_Program.o
                0x0000041e                MDIO_Error_State_SetPortDirection
 .text.MDIO_Error_State_SetPinValue
                0x00000450      0x100 ./MCAL/MDIO/MDIO_Program.o
                0x00000450                MDIO_Error_State_SetPinValue
 .text.MDIO_Error_State_SetPortValue
                0x00000550       0x28 ./MCAL/MDIO/MDIO_Program.o
                0x00000550                MDIO_Error_State_SetPortValue
 .text.MDIO_Error_State_GetPinValue
                0x00000578       0x46 ./MCAL/MDIO/MDIO_Program.o
                0x00000578                MDIO_Error_State_GetPinValue
 .text.MDIO_Error_State_SetNippleValue
                0x000005be       0x9a ./MCAL/MDIO/MDIO_Program.o
                0x000005be                MDIO_Error_State_SetNippleValue
 .text.MADC_VidInit
                0x00000658       0x16 ./MCAL/MADC/MADC_Program.o
                0x00000658                MADC_VidInit
 .text.MADC_VidADCInterruptEnable
                0x0000066e        0x4 ./MCAL/MADC/MADC_Program.o
                0x0000066e                MADC_VidADCInterruptEnable
 .text.MADC_u16ADC_StartConversion
                0x00000672       0x1c ./MCAL/MADC/MADC_Program.o
                0x00000672                MADC_u16ADC_StartConversion
 .text.MADC_u16ADC_StartConversion_With_Interrupt
                0x0000068e       0x12 ./MCAL/MADC/MADC_Program.o
                0x0000068e                MADC_u16ADC_StartConversion_With_Interrupt
 .text.MADC_u16ADCRead
                0x000006a0        0x8 ./MCAL/MADC/MADC_Program.o
                0x000006a0                MADC_u16ADCRead
 .text.MADC_VidSetCallBack
                0x000006a8        0xa ./MCAL/MADC/MADC_Program.o
                0x000006a8                MADC_VidSetCallBack
 .text.__vector_16
                0x000006b2       0x4e ./MCAL/MADC/MADC_Program.o
                0x000006b2                __vector_16
 .text.HLED_VidLed_Toggle
                0x00000700       0x3a ./HAL/HLED/HLED_Program.o
                0x00000700                HLED_VidLed_Toggle
 .text.HLED_VidLed_Off
                0x0000073a        0xe ./HAL/HLED/HLED_Program.o
                0x0000073a                HLED_VidLed_Off
 .text.HLED_VidLed_On
                0x00000748        0xe ./HAL/HLED/HLED_Program.o
                0x00000748                HLED_VidLed_On
 .text.HLED_VidInit
                0x00000756        0xe ./HAL/HLED/HLED_Program.o
                0x00000756                HLED_VidInit
 .text.HEEPROM_VidReadDataByte
                0x00000764       0x4e ./HAL/HEEPROM/HEEPROM_Program.o
                0x00000764                HEEPROM_VidReadDataByte
 .text.HEEPROM_VidSendDataByte
                0x000007b2       0x44 ./HAL/HEEPROM/HEEPROM_Program.o
                0x000007b2                HEEPROM_VidSendDataByte
 .text.HCLCD_VidWriteChar_4Bits
                0x000007f6       0x40 ./HAL/HCLCD/HCLCD_Program.o
                0x000007f6                HCLCD_VidWriteChar_4Bits
 .text.HCLCD_VidSendChar_4Bits
                0x00000836       0x16 ./HAL/HCLCD/HCLCD_Program.o
                0x00000836                HCLCD_VidSendChar_4Bits
 .text.HCLCD_VidWriteString_4Bits
                0x0000084c       0x26 ./HAL/HCLCD/HCLCD_Program.o
                0x0000084c                HCLCD_VidWriteString_4Bits
 .text.HCLCD_VidWriteCommand_4Bits
                0x00000872       0x40 ./HAL/HCLCD/HCLCD_Program.o
                0x00000872                HCLCD_VidWriteCommand_4Bits
 .text.HCLCD_VidSetPosition_4BitsMode
                0x000008b2       0x32 ./HAL/HCLCD/HCLCD_Program.o
                0x000008b2                HCLCD_VidSetPosition_4BitsMode
 .text.HCLCD_Vid4Bits_Init
                0x000008e4       0x9c ./HAL/HCLCD/HCLCD_Program.o
                0x000008e4                HCLCD_Vid4Bits_Init
 .text.HCLCD_VidWriteChar_8Bits
                0x00000980       0x4c ./HAL/HCLCD/HCLCD_Program.o
                0x00000980                HCLCD_VidWriteChar_8Bits
 .text.HCLCD_VidWriteNumber_4Bits
                0x000009cc       0xd2 ./HAL/HCLCD/HCLCD_Program.o
                0x000009cc                HCLCD_VidWriteNumber_4Bits
 .text.HCLCD_VidWriteNumber_8Bits
                0x00000a9e       0xd2 ./HAL/HCLCD/HCLCD_Program.o
                0x00000a9e                HCLCD_VidWriteNumber_8Bits
 .text.HCLCD_VidWriteString_8Bits
                0x00000b70       0x26 ./HAL/HCLCD/HCLCD_Program.o
                0x00000b70                HCLCD_VidWriteString_8Bits
 .text.HCLCD_VidWriteCommand_8Bits
                0x00000b96       0x4c ./HAL/HCLCD/HCLCD_Program.o
                0x00000b96                HCLCD_VidWriteCommand_8Bits
 .text.HCLCD_VidSetPosition
                0x00000be2       0x24 ./HAL/HCLCD/HCLCD_Program.o
                0x00000be2                HCLCD_VidSetPosition
 .text.HCLCD_Vid8Bits_Init
                0x00000c06       0x5e ./HAL/HCLCD/HCLCD_Program.o
                0x00000c06                HCLCD_Vid8Bits_Init
 .text.xCoRoutineRemoveFromEventList
                0x00000c64       0x4e ./FreeRTOS/croutine.o
                0x00000c64                xCoRoutineRemoveFromEventList
 .text.vCoRoutineSchedule
                0x00000cb2      0x1c0 ./FreeRTOS/croutine.o
                0x00000cb2                vCoRoutineSchedule
 .text.vCoRoutineAddToDelayedList
                0x00000e72       0x7a ./FreeRTOS/croutine.o
                0x00000e72                vCoRoutineAddToDelayedList
 .text.xCoRoutineCreate
                0x00000eec       0xf4 ./FreeRTOS/croutine.o
                0x00000eec                xCoRoutineCreate
 .text.vPortFree
                0x00000fe0        0x2 ./FreeRTOS/heap_1.o
                0x00000fe0                vPortFree
 .text.vPortInitialiseBlocks
                0x00000fe2        0xa ./FreeRTOS/heap_1.o
                0x00000fe2                vPortInitialiseBlocks
 .text.xPortGetFreeHeapSize
                0x00000fec       0x14 ./FreeRTOS/heap_1.o
                0x00000fec                xPortGetFreeHeapSize
 .text.pvPortMalloc
                0x00001000       0x4e ./FreeRTOS/heap_1.o
                0x00001000                pvPortMalloc
 .text.vListInitialise
                0x0000104e       0x20 ./FreeRTOS/list.o
                0x0000104e                vListInitialise
 .text.vListInitialiseItem
                0x0000106e        0x8 ./FreeRTOS/list.o
                0x0000106e                vListInitialiseItem
 .text.vListInsertEnd
                0x00001076       0x52 ./FreeRTOS/list.o
                0x00001076                vListInsertEnd
 .text.vListInsert
                0x000010c8       0x6a ./FreeRTOS/list.o
                0x000010c8                vListInsert
 .text.vListRemove
                0x00001132       0x50 ./FreeRTOS/list.o
                0x00001132                vListRemove
 .text.pxPortInitialiseStack
                0x00001182       0x90 ./FreeRTOS/port.o
                0x00001182                pxPortInitialiseStack
 .text.xPortStartScheduler
                0x00001212       0x6a ./FreeRTOS/port.o
                0x00001212                xPortStartScheduler
 .text.vPortEndScheduler
                0x0000127c        0x2 ./FreeRTOS/port.o
                0x0000127c                vPortEndScheduler
 .text.vPortYieldFromTick
                0x0000127e       0xb6 ./FreeRTOS/port.o
                0x0000127e                vPortYieldFromTick
 .text.__vector_7
                0x00001334        0x6 ./FreeRTOS/port.o
                0x00001334                __vector_7
 .text.vPortYield
                0x0000133a       0xb2 ./FreeRTOS/port.o
                0x0000133a                vPortYield
 .text.uxQueueMessagesWaiting
                0x000013ec       0x10 ./FreeRTOS/queue.o
                0x000013ec                uxQueueMessagesWaiting
 .text.uxQueueMessagesWaitingFromISR
                0x000013fc        0x6 ./FreeRTOS/queue.o
                0x000013fc                uxQueueMessagesWaitingFromISR
 .text.xQueueIsQueueEmptyFromISR
                0x00001402       0x10 ./FreeRTOS/queue.o
                0x00001402                xQueueIsQueueEmptyFromISR
 .text.xQueueIsQueueFullFromISR
                0x00001412       0x12 ./FreeRTOS/queue.o
                0x00001412                xQueueIsQueueFullFromISR
 .text.vQueueDelete
                0x00001424       0x1c ./FreeRTOS/queue.o
                0x00001424                vQueueDelete
 .text.xQueueReceiveFromISR
                0x00001440       0x7e ./FreeRTOS/queue.o
                0x00001440                xQueueReceiveFromISR
 .text.prvCopyDataToQueue
                0x000014be       0x82 ./FreeRTOS/queue.o
 .text.xQueueGenericSendFromISR
                0x00001540       0x50 ./FreeRTOS/queue.o
                0x00001540                xQueueGenericSendFromISR
 .text.prvUnlockQueue
                0x00001590       0x80 ./FreeRTOS/queue.o
 .text.xQueueGenericReceive
                0x00001610      0x198 ./FreeRTOS/queue.o
                0x00001610                xQueueGenericReceive
 .text.xQueueGenericSend
                0x000017a8      0x148 ./FreeRTOS/queue.o
                0x000017a8                xQueueGenericSend
 .text.xQueueCreate
                0x000018f0       0xbe ./FreeRTOS/queue.o
                0x000018f0                xQueueCreate
 .text.xQueueCreateCountingSemaphore
                0x000019ae       0x18 ./FreeRTOS/queue.o
                0x000019ae                xQueueCreateCountingSemaphore
 .text.vTaskSuspendAll
                0x000019c6        0xc ./FreeRTOS/tasks.o
                0x000019c6                vTaskSuspendAll
 .text.xTaskGetTickCount
                0x000019d2       0x16 ./FreeRTOS/tasks.o
                0x000019d2                xTaskGetTickCount
 .text.xTaskGetTickCountFromISR
                0x000019e8        0xc ./FreeRTOS/tasks.o
                0x000019e8                xTaskGetTickCountFromISR
 .text.uxTaskGetNumberOfTasks
                0x000019f4        0x6 ./FreeRTOS/tasks.o
                0x000019f4                uxTaskGetNumberOfTasks
 .text.vTaskSwitchContext
                0x000019fa       0x84 ./FreeRTOS/tasks.o
                0x000019fa                vTaskSwitchContext
 .text.vTaskSetTimeOutState
                0x00001a7e       0x16 ./FreeRTOS/tasks.o
                0x00001a7e                vTaskSetTimeOutState
 .text.xTaskCheckForTimeOut
                0x00001a94       0x74 ./FreeRTOS/tasks.o
                0x00001a94                xTaskCheckForTimeOut
 .text.vTaskMissedYield
                0x00001b08        0x8 ./FreeRTOS/tasks.o
                0x00001b08                vTaskMissedYield
 .text.xTaskRemoveFromEventList
                0x00001b10       0x7e ./FreeRTOS/tasks.o
                0x00001b10                xTaskRemoveFromEventList
 .text.vTaskIncrementTick
                0x00001b8e      0x148 ./FreeRTOS/tasks.o
                0x00001b8e                vTaskIncrementTick
 .text.prvAddCurrentTaskToDelayedList
                0x00001cd6       0x6e ./FreeRTOS/tasks.o
 .text.vTaskPlaceOnEventList
                0x00001d44       0x3a ./FreeRTOS/tasks.o
                0x00001d44                vTaskPlaceOnEventList
 .text.xTaskResumeAll
                0x00001d7e       0xf6 ./FreeRTOS/tasks.o
                0x00001d7e                xTaskResumeAll
 .text.vTaskDelay
                0x00001e74       0x4e ./FreeRTOS/tasks.o
                0x00001e74                vTaskDelay
 .text.vTaskDelayUntil
                0x00001ec2       0x78 ./FreeRTOS/tasks.o
                0x00001ec2                vTaskDelayUntil
 .text.vTaskDelete
                0x00001f3a       0x9a ./FreeRTOS/tasks.o
                0x00001f3a                vTaskDelete
 .text.vTaskEndScheduler
                0x00001fd4        0xc ./FreeRTOS/tasks.o
                0x00001fd4                vTaskEndScheduler
 .text.prvIdleTask
                0x00001fe0       0x66 ./FreeRTOS/tasks.o
 .text.xTaskGenericCreate
                0x00002046      0x1fe ./FreeRTOS/tasks.o
                0x00002046                xTaskGenericCreate
 .text.vTaskStartScheduler
                0x00002244       0x56 ./FreeRTOS/tasks.o
                0x00002244                vTaskStartScheduler
 .text.APP_LM35_CALC
                0x0000229a       0x50 ./main.o
                0x0000229a                APP_LM35_CALC
 .text.APP_POT1_CALC
                0x000022ea       0x42 ./main.o
                0x000022ea                APP_POT1_CALC
 .text.APP_LCD_Display
                0x0000232c       0xde ./main.o
                0x0000232c                APP_LCD_Display
 .text.APP_ADC_read
                0x0000240a       0x78 ./main.o
                0x0000240a                APP_ADC_read
 .text.ADC_SetNotification
                0x00002482       0x18 ./main.o
                0x00002482                ADC_SetNotification
 .text.main     0x0000249a       0xf2 ./main.o
                0x0000249a                main
 .text.libgcc   0x0000258c       0x3e d:/imt/avr/imt tools/sdk/imt_sdk_win_64/winavr/bin/../lib/gcc/avr/4.3.3/avr5\libgcc.a(_mulsi3.o)
                0x0000258c                __mulsi3
 .text.libgcc   0x000025ca       0x44 d:/imt/avr/imt tools/sdk/imt_sdk_win_64/winavr/bin/../lib/gcc/avr/4.3.3/avr5\libgcc.a(_udivmodsi4.o)
                0x000025ca                __udivmodsi4
 .text.libgcc   0x0000260e        0x0 d:/imt/avr/imt tools/sdk/imt_sdk_win_64/winavr/bin/../lib/gcc/avr/4.3.3/avr5\libgcc.a(_exit.o)
 .text.libgcc   0x0000260e        0x0 d:/imt/avr/imt tools/sdk/imt_sdk_win_64/winavr/bin/../lib/gcc/avr/4.3.3/avr5\libgcc.a(_copy_data.o)
 .text.libgcc   0x0000260e        0x0 d:/imt/avr/imt tools/sdk/imt_sdk_win_64/winavr/bin/../lib/gcc/avr/4.3.3/avr5\libgcc.a(_clear_bss.o)
 .text.avr-libc
                0x0000260e       0x12 d:/imt/avr/imt tools/sdk/imt_sdk_win_64/winavr/bin/../lib/gcc/avr/4.3.3/../../../../avr/lib/avr5\libc.a(memcpy.o)
                0x0000260e                memcpy
 .text.avr-libc
                0x00002620        0xe d:/imt/avr/imt tools/sdk/imt_sdk_win_64/winavr/bin/../lib/gcc/avr/4.3.3/../../../../avr/lib/avr5\libc.a(memset.o)
                0x00002620                memset
 .text.avr-libc
                0x0000262e       0x1e d:/imt/avr/imt tools/sdk/imt_sdk_win_64/winavr/bin/../lib/gcc/avr/4.3.3/../../../../avr/lib/avr5\libc.a(strncpy.o)
                0x0000262e                strncpy
                0x0000264c                . = ALIGN (0x2)
 *(.fini9)
 .fini9         0x0000264c        0x0 d:/imt/avr/imt tools/sdk/imt_sdk_win_64/winavr/bin/../lib/gcc/avr/4.3.3/avr5\libgcc.a(_exit.o)
                0x0000264c                exit
                0x0000264c                _exit
 *(.fini9)
 *(.fini8)
 *(.fini8)
 *(.fini7)
 *(.fini7)
 *(.fini6)
 *(.fini6)
 *(.fini5)
 *(.fini5)
 *(.fini4)
 *(.fini4)
 *(.fini3)
 *(.fini3)
 *(.fini2)
 *(.fini2)
 *(.fini1)
 *(.fini1)
 *(.fini0)
 .fini0         0x0000264c        0x4 d:/imt/avr/imt tools/sdk/imt_sdk_win_64/winavr/bin/../lib/gcc/avr/4.3.3/avr5\libgcc.a(_exit.o)
 *(.fini0)
                0x00002650                _etext = .

.data           0x00800060       0x26 load address 0x00002650
                0x00800060                PROVIDE (__data_start, .)
 *(.data)
 .data          0x00800060        0x0 d:/imt/avr/imt tools/sdk/imt_sdk_win_64/winavr/bin/../lib/gcc/avr/4.3.3/../../../../avr/lib/avr5/crtm32.o
 .data          0x00800060        0x0 ./MCAL/TIMER/TIMER_Program.o
 .data          0x00800060        0x0 ./MCAL/MUSART/MUSART_Program.o
 .data          0x00800060        0x0 ./MCAL/MTWI/MTWI_Program.o
 .data          0x00800060        0x0 ./MCAL/MSPI/MSPI_Program.o
 .data          0x00800060        0x0 ./MCAL/MGIE/MGIE_Program.o
 .data          0x00800060        0x0 ./MCAL/MDIO/MDIO_Program.o
 .data          0x00800060        0x0 ./MCAL/MADC/MADC_Program.o
 .data          0x00800060        0x0 ./HAL/HLED/HLED_Program.o
 .data          0x00800060        0x0 ./HAL/HEEPROM/HEEPROM_Program.o
 .data          0x00800060        0x0 ./HAL/HCLCD/HCLCD_Program.o
 .data          0x00800060        0x0 ./FreeRTOS/croutine.o
 .data          0x00800060        0x0 ./FreeRTOS/heap_1.o
 .data          0x00800060        0x0 ./FreeRTOS/list.o
 .data          0x00800060        0x0 ./FreeRTOS/port.o
 .data          0x00800060        0x0 ./FreeRTOS/queue.o
 .data          0x00800060        0x5 ./FreeRTOS/tasks.o
 .data          0x00800065        0x0 ./FreeRTOS/timers.o
 .data          0x00800065       0x1e ./main.o
 .data          0x00800083        0x0 d:/imt/avr/imt tools/sdk/imt_sdk_win_64/winavr/bin/../lib/gcc/avr/4.3.3/avr5\libgcc.a(_mulsi3.o)
 .data          0x00800083        0x0 d:/imt/avr/imt tools/sdk/imt_sdk_win_64/winavr/bin/../lib/gcc/avr/4.3.3/avr5\libgcc.a(_udivmodsi4.o)
 .data          0x00800083        0x0 d:/imt/avr/imt tools/sdk/imt_sdk_win_64/winavr/bin/../lib/gcc/avr/4.3.3/avr5\libgcc.a(_exit.o)
 .data          0x00800083        0x0 d:/imt/avr/imt tools/sdk/imt_sdk_win_64/winavr/bin/../lib/gcc/avr/4.3.3/avr5\libgcc.a(_copy_data.o)
 .data          0x00800083        0x0 d:/imt/avr/imt tools/sdk/imt_sdk_win_64/winavr/bin/../lib/gcc/avr/4.3.3/avr5\libgcc.a(_clear_bss.o)
 .data          0x00800083        0x0 d:/imt/avr/imt tools/sdk/imt_sdk_win_64/winavr/bin/../lib/gcc/avr/4.3.3/../../../../avr/lib/avr5\libc.a(memcpy.o)
 .data          0x00800083        0x0 d:/imt/avr/imt tools/sdk/imt_sdk_win_64/winavr/bin/../lib/gcc/avr/4.3.3/../../../../avr/lib/avr5\libc.a(memset.o)
 .data          0x00800083        0x0 d:/imt/avr/imt tools/sdk/imt_sdk_win_64/winavr/bin/../lib/gcc/avr/4.3.3/../../../../avr/lib/avr5\libc.a(strncpy.o)
 *(.data*)
 .data.xNextTaskUnblockTime
                0x00800083        0x2 ./FreeRTOS/tasks.o
 *(.rodata)
 *(.rodata*)
 *(.gnu.linkonce.d*)
                0x00800086                . = ALIGN (0x2)
 *fill*         0x00800085        0x1 00
                0x00800086                _edata = .
                0x00800086                PROVIDE (__data_end, .)

.bss            0x00800086      0x49f
                0x00800086                PROVIDE (__bss_start, .)
 *(.bss)
 .bss           0x00800086        0x0 d:/imt/avr/imt tools/sdk/imt_sdk_win_64/winavr/bin/../lib/gcc/avr/4.3.3/../../../../avr/lib/avr5/crtm32.o
 .bss           0x00800086        0x0 ./MCAL/TIMER/TIMER_Program.o
 .bss           0x00800086        0x0 ./MCAL/MUSART/MUSART_Program.o
 .bss           0x00800086        0x0 ./MCAL/MTWI/MTWI_Program.o
 .bss           0x00800086        0x0 ./MCAL/MSPI/MSPI_Program.o
 .bss           0x00800086        0x0 ./MCAL/MGIE/MGIE_Program.o
 .bss           0x00800086        0x0 ./MCAL/MDIO/MDIO_Program.o
 .bss           0x00800086        0x0 ./MCAL/MADC/MADC_Program.o
 .bss           0x00800086        0x0 ./HAL/HLED/HLED_Program.o
 .bss           0x00800086        0x0 ./HAL/HEEPROM/HEEPROM_Program.o
 .bss           0x00800086        0x0 ./HAL/HCLCD/HCLCD_Program.o
 .bss           0x00800086        0x0 ./FreeRTOS/croutine.o
 .bss           0x00800086        0x0 ./FreeRTOS/heap_1.o
 .bss           0x00800086        0x0 ./FreeRTOS/list.o
 .bss           0x00800086        0x0 ./FreeRTOS/port.o
 .bss           0x00800086        0x0 ./FreeRTOS/queue.o
 .bss           0x00800086        0x0 ./FreeRTOS/tasks.o
 .bss           0x00800086        0x0 ./FreeRTOS/timers.o
 .bss           0x00800086        0x0 ./main.o
 .bss           0x00800086        0x0 d:/imt/avr/imt tools/sdk/imt_sdk_win_64/winavr/bin/../lib/gcc/avr/4.3.3/avr5\libgcc.a(_mulsi3.o)
 .bss           0x00800086        0x0 d:/imt/avr/imt tools/sdk/imt_sdk_win_64/winavr/bin/../lib/gcc/avr/4.3.3/avr5\libgcc.a(_udivmodsi4.o)
 .bss           0x00800086        0x0 d:/imt/avr/imt tools/sdk/imt_sdk_win_64/winavr/bin/../lib/gcc/avr/4.3.3/avr5\libgcc.a(_exit.o)
 .bss           0x00800086        0x0 d:/imt/avr/imt tools/sdk/imt_sdk_win_64/winavr/bin/../lib/gcc/avr/4.3.3/avr5\libgcc.a(_copy_data.o)
 .bss           0x00800086        0x0 d:/imt/avr/imt tools/sdk/imt_sdk_win_64/winavr/bin/../lib/gcc/avr/4.3.3/avr5\libgcc.a(_clear_bss.o)
 .bss           0x00800086        0x0 d:/imt/avr/imt tools/sdk/imt_sdk_win_64/winavr/bin/../lib/gcc/avr/4.3.3/../../../../avr/lib/avr5\libc.a(memcpy.o)
 .bss           0x00800086        0x0 d:/imt/avr/imt tools/sdk/imt_sdk_win_64/winavr/bin/../lib/gcc/avr/4.3.3/../../../../avr/lib/avr5\libc.a(memset.o)
 .bss           0x00800086        0x0 d:/imt/avr/imt tools/sdk/imt_sdk_win_64/winavr/bin/../lib/gcc/avr/4.3.3/../../../../avr/lib/avr5\libc.a(strncpy.o)
 *(.bss*)
 .bss.Flag.1254
                0x00800086        0x1 ./HAL/HLED/HLED_Program.o
 .bss.pxCurrentCoRoutine
                0x00800087        0x2 ./FreeRTOS/croutine.o
                0x00800087                pxCurrentCoRoutine
 .bss.uxTopCoRoutineReadyPriority
                0x00800089        0x1 ./FreeRTOS/croutine.o
 .bss.xLastTickCount
                0x0080008a        0x2 ./FreeRTOS/croutine.o
 .bss.xPassedTicks
                0x0080008c        0x2 ./FreeRTOS/croutine.o
 .bss.xCoRoutineTickCount
                0x0080008e        0x2 ./FreeRTOS/croutine.o
 .bss.pxReadyCoRoutineLists
                0x00800090       0x12 ./FreeRTOS/croutine.o
 .bss.xDelayedCoRoutineList1
                0x008000a2        0x9 ./FreeRTOS/croutine.o
 .bss.xDelayedCoRoutineList2
                0x008000ab        0x9 ./FreeRTOS/croutine.o
 .bss.pxDelayedCoRoutineList
                0x008000b4        0x2 ./FreeRTOS/croutine.o
 .bss.pxOverflowDelayedCoRoutineList
                0x008000b6        0x2 ./FreeRTOS/croutine.o
 .bss.xPendingReadyCoRoutineList
                0x008000b8        0x9 ./FreeRTOS/croutine.o
 .bss.xNextFreeByte
                0x008000c1        0x2 ./FreeRTOS/heap_1.o
 .bss.xHeap     0x008000c3      0x3e8 ./FreeRTOS/heap_1.o
 .bss.pxCurrentTCB
                0x008004ab        0x2 ./FreeRTOS/tasks.o
                0x008004ab                pxCurrentTCB
 .bss.xMissedYield
                0x008004ad        0x1 ./FreeRTOS/tasks.o
 .bss.xNumOfOverflows
                0x008004ae        0x1 ./FreeRTOS/tasks.o
 .bss.xTickCount
                0x008004af        0x2 ./FreeRTOS/tasks.o
 .bss.uxSchedulerSuspended
                0x008004b1        0x1 ./FreeRTOS/tasks.o
 .bss.uxTopReadyPriority
                0x008004b2        0x1 ./FreeRTOS/tasks.o
 .bss.uxMissedTicks
                0x008004b3        0x1 ./FreeRTOS/tasks.o
 .bss.uxCurrentNumberOfTasks
                0x008004b4        0x1 ./FreeRTOS/tasks.o
 .bss.xSchedulerRunning
                0x008004b5        0x1 ./FreeRTOS/tasks.o
 .bss.uxTasksDeleted
                0x008004b6        0x1 ./FreeRTOS/tasks.o
 .bss.uxTaskNumber
                0x008004b7        0x1 ./FreeRTOS/tasks.o
 .bss.uxTopUsedPriority
                0x008004b8        0x1 ./FreeRTOS/tasks.o
 .bss.pxReadyTasksLists
                0x008004b9       0x2d ./FreeRTOS/tasks.o
 .bss.xDelayedTaskList1
                0x008004e6        0x9 ./FreeRTOS/tasks.o
 .bss.xDelayedTaskList2
                0x008004ef        0x9 ./FreeRTOS/tasks.o
 .bss.pxDelayedTaskList
                0x008004f8        0x2 ./FreeRTOS/tasks.o
 .bss.pxOverflowDelayedTaskList
                0x008004fa        0x2 ./FreeRTOS/tasks.o
 .bss.xPendingReadyList
                0x008004fc        0x9 ./FreeRTOS/tasks.o
 .bss.xTasksWaitingTermination
                0x00800505        0x9 ./FreeRTOS/tasks.o
 .bss.Flag      0x0080050e        0x1 ./main.o
 .bss.Digital_INPUT
                0x0080050f        0x8 ./main.o
 .bss.Analog_OUT
                0x00800517        0x8 ./main.o
 *(COMMON)
 COMMON         0x0080051f        0x2 ./MCAL/TIMER/TIMER_Program.o
                0x0080051f                TIMER0_CallBack
 COMMON         0x00800521        0x2 ./MCAL/MADC/MADC_Program.o
                0x00800521                MADC_CallBack
 COMMON         0x00800523        0x2 ./main.o
                0x00800523                ADCSem
                0x00800525                PROVIDE (__bss_end, .)
                0x00002650                __data_load_start = LOADADDR (.data)
                0x00002676                __data_load_end = (__data_load_start + SIZEOF (.data))

.noinit         0x00800525        0x0
                0x00800525                PROVIDE (__noinit_start, .)
 *(.noinit*)
                0x00800525                PROVIDE (__noinit_end, .)
                0x00800525                _end = .
                0x00800525                PROVIDE (__heap_start, .)

.eeprom         0x00810000        0x0
 *(.eeprom*)
                0x00810000                __eeprom_end = .

.fuse
 *(.fuse)
 *(.lfuse)
 *(.hfuse)
 *(.efuse)

.lock
 *(.lock*)

.signature
 *(.signature*)

.stab
 *(.stab)

.stabstr
 *(.stabstr)

.stab.excl
 *(.stab.excl)

.stab.exclstr
 *(.stab.exclstr)

.stab.index
 *(.stab.index)

.stab.indexstr
 *(.stab.indexstr)

.comment
 *(.comment)

.debug
 *(.debug)

.line
 *(.line)

.debug_srcinfo
 *(.debug_srcinfo)

.debug_sfnames
 *(.debug_sfnames)

.debug_aranges
 *(.debug_aranges)

.debug_pubnames
 *(.debug_pubnames)

.debug_info
 *(.debug_info)
 *(.gnu.linkonce.wi.*)

.debug_abbrev
 *(.debug_abbrev)

.debug_line
 *(.debug_line)

.debug_frame
 *(.debug_frame)

.debug_str
 *(.debug_str)

.debug_loc
 *(.debug_loc)

.debug_macinfo
 *(.debug_macinfo)
OUTPUT(ADC_LCD_Semphore.elf elf32-avr)
LOAD linker stubs
